.next/types/app/editor-x/page.ts(8,13): error TS2344: Type 'OmitWithTag<typeof import("E:/my sites/arabic-service-website/admin-dashboard/app/editor-x/page"), "metadata" | "default" | "config" | "viewport" | "generateStaticParams" | "revalidate" | ... 7 more ... | "generateViewport", "">' does not satisfy the constraint '{ [x: string]: never; }'.
  Property 'initialValue' is incompatible with index signature.
    Type 'SerializedEditorState<SerializedLexicalNode>' is not assignable to type 'never'.
components/editor/editor-ui/color-picker.tsx(41,9): error TS2540: Cannot assign to 'current' because it is a read-only property.
components/editor/editor-ui/color-picker.tsx(719,26): error TS2802: Type 'Set<() => void>' can only be iterated through when using the '--downlevelIteration' flag or with a '--target' of 'es2015' or higher.
components/editor/editor-ui/color-picker.tsx(906,39): error TS2345: Argument of type 'LegacyRef<HTMLDivElement> | undefined' is not assignable to parameter of type 'PossibleRef<HTMLDivElement>'.
  Type 'string' is not assignable to type 'PossibleRef<HTMLDivElement>'.
components/editor/editor-ui/color-picker.tsx(1057,39): error TS2345: Argument of type 'LegacyRef<HTMLDivElement> | undefined' is not assignable to parameter of type 'PossibleRef<HTMLDivElement>'.
  Type 'string' is not assignable to type 'PossibleRef<HTMLDivElement>'.
components/editor/editor-ui/color-picker.tsx(1369,54): error TS2344: Type '"className" | "size"' does not satisfy the constraint '"type" | "style" | "children" | "translate" | "id" | "className" | "onError" | "onLoad" | "form" | "slot" | "title" | "disabled" | "formAction" | "formEncType" | "formMethod" | ... 273 more ... | keyof RefAttributes<...>'.
  Type '"size"' is not assignable to type '"type" | "style" | "children" | "translate" | "id" | "className" | "onError" | "onLoad" | "form" | "slot" | "title" | "disabled" | "formAction" | "formEncType" | "formMethod" | ... 273 more ... | keyof RefAttributes<...>'.
components/editor/editor-ui/color-picker.tsx(1395,9): error TS2322: Type '{ children: Element; "data-slot": string; size: {}; className: string; }' is not assignable to type 'IntrinsicAttributes & Omit<SelectTriggerProps & RefAttributes<HTMLButtonElement>, "ref"> & RefAttributes<...>'.
  Property 'size' does not exist on type 'IntrinsicAttributes & Omit<SelectTriggerProps & RefAttributes<HTMLButtonElement>, "ref"> & RefAttributes<...>'.
components/editor/plugins/code-action-menu-plugin.tsx(114,37): error TS2802: Type 'Map<string, NodeMutation>' can only be iterated through when using the '--downlevelIteration' flag or with a '--target' of 'es2015' or higher.
components/editor/plugins/toolbar/clear-formatting-toolbar-plugin.tsx(83,7): error TS2322: Type '"icon-sm"' is not assignable to type '"default" | "sm" | "lg" | "icon" | null | undefined'.
components/editor/plugins/toolbar/font-background-toolbar-plugin.tsx(87,37): error TS2322: Type '"icon-sm"' is not assignable to type '"default" | "sm" | "lg" | "icon" | null | undefined'.
components/editor/plugins/toolbar/font-background-toolbar-plugin.tsx(101,12): error TS2741: Property 'size' is missing in type '{}' but required in type 'ColorPickerFormatSelectProps'.
components/editor/plugins/toolbar/font-color-toolbar-plugin.tsx(75,35): error TS2322: Type '"icon-sm"' is not assignable to type '"default" | "sm" | "lg" | "icon" | null | undefined'.
components/editor/plugins/toolbar/font-color-toolbar-plugin.tsx(89,12): error TS2741: Property 'size' is missing in type '{}' but required in type 'ColorPickerFormatSelectProps'.
components/editor/plugins/toolbar/font-size-toolbar-plugin.tsx(60,9): error TS2322: Type '"icon-sm"' is not assignable to type '"default" | "sm" | "lg" | "icon" | null | undefined'.
components/editor/plugins/toolbar/font-size-toolbar-plugin.tsx(78,9): error TS2322: Type '"icon-sm"' is not assignable to type '"default" | "sm" | "lg" | "icon" | null | undefined'.
components/ui/aspect-ratio.tsx(7,25): error TS2344: Type 'ForwardRefExoticComponent<AspectRatioProps & RefAttributes<HTMLDivElement>>' does not satisfy the constraint 'JSXElementConstructor<any> | keyof IntrinsicElements'.
  Type 'ForwardRefExoticComponent<AspectRatioProps & RefAttributes<HTMLDivElement>>' is not assignable to type '(props: any, deprecatedLegacyContext?: any) => ReactNode'.
    Type 'import("E:/my sites/arabic-service-website/node_modules/.pnpm/@types+react@19.2.7/node_modules/@types/react/index").ReactNode' is not assignable to type 'React.ReactNode'.
      Type 'ReactElement<unknown, string | JSXElementConstructor<any>>' is not assignable to type 'ReactNode'.
        Property 'children' is missing in type 'ReactElement<unknown, string | JSXElementConstructor<any>>' but required in type 'ReactPortal'.
components/ui/aspect-ratio.tsx(8,11): error TS2786: 'AspectRatioPrimitive.Root' cannot be used as a JSX component.
  Its type 'ForwardRefExoticComponent<AspectRatioProps & RefAttributes<HTMLDivElement>>' is not a valid JSX element type.
    Type 'ForwardRefExoticComponent<AspectRatioProps & RefAttributes<HTMLDivElement>>' is not assignable to type '(props: any, deprecatedLegacyContext?: any) => ReactNode'.
      Type 'import("E:/my sites/arabic-service-website/node_modules/.pnpm/@types+react@19.2.7/node_modules/@types/react/index").ReactNode' is not assignable to type 'React.ReactNode'.
        Type 'ReactElement<unknown, string | JSXElementConstructor<any>>' is not assignable to type 'ReactNode'.
          Property 'children' is missing in type 'ReactElement<unknown, string | JSXElementConstructor<any>>' but required in type 'ReactPortal'.
components/ui/calendar.tsx(132,15): error TS2322: Type 'Ref<HTMLDivElement> | undefined' is not assignable to type 'LegacyRef<HTMLDivElement> | undefined'.
  Type '(instance: HTMLDivElement | null) => void | (() => VoidOrUndefinedOnly)' is not assignable to type 'LegacyRef<HTMLDivElement> | undefined'.
    Type '(instance: HTMLDivElement | null) => void | (() => VoidOrUndefinedOnly)' is not assignable to type '(instance: HTMLDivElement | null) => void | (() => VoidOrUndefinedOnly)'. Two different types with this name exist, but they are unrelated.
      Type 'void | (() => VoidOrUndefinedOnly)' is not assignable to type 'void | (() => VoidOrUndefinedOnly)'. Two different types with this name exist, but they are unrelated.
        Type '() => VoidOrUndefinedOnly' is not assignable to type 'void | (() => VoidOrUndefinedOnly)'.
          Type '() => VoidOrUndefinedOnly' is not assignable to type '() => VoidOrUndefinedOnly'. Two different types with this name exist, but they are unrelated.
            Type 'VoidOrUndefinedOnly' is not assignable to type 'VoidOrUndefinedOnly'. Two different types with this name exist, but they are unrelated.
              Type '{ [UNDEFINED_VOID_ONLY]: never; }' is not assignable to type 'VoidOrUndefinedOnly'.
components/ui/calendar.tsx(163,17): error TS2322: Type 'import("E:/my sites/arabic-service-website/node_modules/.pnpm/@types+react@19.2.7/node_modules/@types/react/index").ReactNode' is not assignable to type 'React.ReactNode'.
  Type 'ReactElement<unknown, string | JSXElementConstructor<any>>' is not assignable to type 'ReactNode'.
    Property 'children' is missing in type 'ReactElement<unknown, string | JSXElementConstructor<any>>' but required in type 'ReactPortal'.
components/ui/calendar.tsx(189,6): error TS2322: Type '{ disabled?: boolean | undefined; form?: string | undefined; formAction?: string | ((formData: FormData) => void | Promise<void>) | undefined; formEncType?: string | undefined; ... 291 more ...; className: string; }' is not assignable to type 'ButtonProps'.
  Types of property 'children' are incompatible.
    Type 'import("E:/my sites/arabic-service-website/node_modules/.pnpm/@types+react@19.2.7/node_modules/@types/react/index").ReactNode' is not assignable to type 'React.ReactNode'.
      Type 'ReactElement<unknown, string | JSXElementConstructor<any>>' is not assignable to type 'ReactNode'.
        Property 'children' is missing in type 'ReactElement<unknown, string | JSXElementConstructor<any>>' but required in type 'ReactPortal'.
components/ui/chart.tsx(46,5): error TS2344: Type 'ForwardRefExoticComponent<Props & RefAttributes<HTMLDivElement | { current: HTMLDivElement; }>>' does not satisfy the constraint 'JSXElementConstructor<any> | keyof IntrinsicElements'.
  Type 'ForwardRefExoticComponent<Props & RefAttributes<HTMLDivElement | { current: HTMLDivElement; }>>' is not assignable to type '(props: any, deprecatedLegacyContext?: any) => ReactNode'.
    Type 'import("E:/my sites/arabic-service-website/node_modules/.pnpm/@types+react@19.2.7/node_modules/@types/react/index").ReactNode' is not assignable to type 'React.ReactNode'.
      Type 'ReactElement<unknown, string | JSXElementConstructor<any>>' is not assignable to type 'ReactNode'.
        Property 'children' is missing in type 'ReactElement<unknown, string | JSXElementConstructor<any>>' but required in type 'ReactPortal'.
components/ui/chart.tsx(47,5): error TS2339: Property 'children' does not exist on type '{}'.
components/ui/chart.tsx(64,10): error TS2786: 'RechartsPrimitive.ResponsiveContainer' cannot be used as a JSX component.
  Its type 'ForwardRefExoticComponent<Props & RefAttributes<HTMLDivElement | { current: HTMLDivElement; }>>' is not a valid JSX element type.
    Type 'ForwardRefExoticComponent<Props & RefAttributes<HTMLDivElement | { current: HTMLDivElement; }>>' is not assignable to type '(props: any, deprecatedLegacyContext?: any) => ReactNode'.
      Type 'import("E:/my sites/arabic-service-website/node_modules/.pnpm/@types+react@19.2.7/node_modules/@types/react/index").ReactNode' is not assignable to type 'React.ReactNode'.
        Type 'ReactElement<unknown, string | JSXElementConstructor<any>>' is not assignable to type 'ReactNode'.
          Property 'children' is missing in type 'ReactElement<unknown, string | JSXElementConstructor<any>>' but required in type 'ReactPortal'.
components/ui/chart.tsx(108,3): error TS2339: Property 'active' does not exist on type 'ClassAttributes<HTMLDivElement> & HTMLAttributes<HTMLDivElement> & { hideLabel?: boolean | undefined; hideIndicator?: boolean | undefined; indicator?: "line" | ... 2 more ... | undefined; nameKey?: string | undefined; labelKey?: string | undefined; }'.
components/ui/chart.tsx(109,3): error TS2339: Property 'payload' does not exist on type 'ClassAttributes<HTMLDivElement> & HTMLAttributes<HTMLDivElement> & { hideLabel?: boolean | undefined; hideIndicator?: boolean | undefined; indicator?: "line" | ... 2 more ... | undefined; nameKey?: string | undefined; labelKey?: string | undefined; }'.
components/ui/chart.tsx(114,3): error TS2339: Property 'label' does not exist on type 'ClassAttributes<HTMLDivElement> & HTMLAttributes<HTMLDivElement> & { hideLabel?: boolean | undefined; hideIndicator?: boolean | undefined; indicator?: "line" | ... 2 more ... | undefined; nameKey?: string | undefined; labelKey?: string | undefined; }'.
components/ui/chart.tsx(115,3): error TS2339: Property 'labelFormatter' does not exist on type 'ClassAttributes<HTMLDivElement> & HTMLAttributes<HTMLDivElement> & { hideLabel?: boolean | undefined; hideIndicator?: boolean | undefined; indicator?: "line" | ... 2 more ... | undefined; nameKey?: string | undefined; labelKey?: string | undefined; }'.
components/ui/chart.tsx(116,3): error TS2339: Property 'labelClassName' does not exist on type 'ClassAttributes<HTMLDivElement> & HTMLAttributes<HTMLDivElement> & { hideLabel?: boolean | undefined; hideIndicator?: boolean | undefined; indicator?: "line" | ... 2 more ... | undefined; nameKey?: string | undefined; labelKey?: string | undefined; }'.
components/ui/chart.tsx(117,3): error TS2339: Property 'formatter' does not exist on type 'ClassAttributes<HTMLDivElement> & HTMLAttributes<HTMLDivElement> & { hideLabel?: boolean | undefined; hideIndicator?: boolean | undefined; indicator?: "line" | ... 2 more ... | undefined; nameKey?: string | undefined; labelKey?: string | undefined; }'.
components/ui/chart.tsx(121,25): error TS2344: Type 'typeof Tooltip' does not satisfy the constraint 'JSXElementConstructor<any> | keyof IntrinsicElements'.
  Type 'typeof Tooltip' is not assignable to type 'new (props: any, deprecatedLegacyContext?: any) => Component<any, any, any>'.
    Property 'refs' is missing in type 'Tooltip<any, any>' but required in type 'Component<any, any, any>'.
components/ui/chart.tsx(182,23): error TS7006: Parameter 'item' implicitly has an 'any' type.
components/ui/chart.tsx(182,29): error TS7006: Parameter 'index' implicitly has an 'any' type.
components/ui/collapsible.tsx(7,25): error TS2344: Type 'ForwardRefExoticComponent<CollapsibleProps & RefAttributes<HTMLDivElement>>' does not satisfy the constraint 'JSXElementConstructor<any> | keyof IntrinsicElements'.
  Type 'ForwardRefExoticComponent<CollapsibleProps & RefAttributes<HTMLDivElement>>' is not assignable to type '(props: any, deprecatedLegacyContext?: any) => ReactNode'.
    Type 'import("E:/my sites/arabic-service-website/node_modules/.pnpm/@types+react@19.2.7/node_modules/@types/react/index").ReactNode' is not assignable to type 'React.ReactNode'.
      Type 'ReactElement<unknown, string | JSXElementConstructor<any>>' is not assignable to type 'ReactNode'.
        Property 'children' is missing in type 'ReactElement<unknown, string | JSXElementConstructor<any>>' but required in type 'ReactPortal'.
components/ui/collapsible.tsx(8,11): error TS2786: 'CollapsiblePrimitive.Root' cannot be used as a JSX component.
  Its type 'ForwardRefExoticComponent<CollapsibleProps & RefAttributes<HTMLDivElement>>' is not a valid JSX element type.
    Type 'ForwardRefExoticComponent<CollapsibleProps & RefAttributes<HTMLDivElement>>' is not assignable to type '(props: any, deprecatedLegacyContext?: any) => ReactNode'.
      Type 'import("E:/my sites/arabic-service-website/node_modules/.pnpm/@types+react@19.2.7/node_modules/@types/react/index").ReactNode' is not assignable to type 'React.ReactNode'.
        Type 'ReactElement<unknown, string | JSXElementConstructor<any>>' is not assignable to type 'ReactNode'.
          Property 'children' is missing in type 'ReactElement<unknown, string | JSXElementConstructor<any>>' but required in type 'ReactPortal'.
components/ui/collapsible.tsx(13,25): error TS2344: Type 'ForwardRefExoticComponent<CollapsibleTriggerProps & RefAttributes<HTMLButtonElement>>' does not satisfy the constraint 'JSXElementConstructor<any> | keyof IntrinsicElements'.
  Type 'ForwardRefExoticComponent<CollapsibleTriggerProps & RefAttributes<HTMLButtonElement>>' is not assignable to type '(props: any, deprecatedLegacyContext?: any) => ReactNode'.
    Type 'import("E:/my sites/arabic-service-website/node_modules/.pnpm/@types+react@19.2.7/node_modules/@types/react/index").ReactNode' is not assignable to type 'React.ReactNode'.
      Type 'ReactElement<unknown, string | JSXElementConstructor<any>>' is not assignable to type 'ReactNode'.
        Property 'children' is missing in type 'ReactElement<unknown, string | JSXElementConstructor<any>>' but required in type 'ReactPortal'.
components/ui/collapsible.tsx(15,6): error TS2786: 'CollapsiblePrimitive.CollapsibleTrigger' cannot be used as a JSX component.
  Its type 'ForwardRefExoticComponent<CollapsibleTriggerProps & RefAttributes<HTMLButtonElement>>' is not a valid JSX element type.
    Type 'ForwardRefExoticComponent<CollapsibleTriggerProps & RefAttributes<HTMLButtonElement>>' is not assignable to type '(props: any, deprecatedLegacyContext?: any) => ReactNode'.
      Type 'import("E:/my sites/arabic-service-website/node_modules/.pnpm/@types+react@19.2.7/node_modules/@types/react/index").ReactNode' is not assignable to type 'React.ReactNode'.
        Type 'ReactElement<unknown, string | JSXElementConstructor<any>>' is not assignable to type 'ReactNode'.
          Property 'children' is missing in type 'ReactElement<unknown, string | JSXElementConstructor<any>>' but required in type 'ReactPortal'.
components/ui/collapsible.tsx(24,25): error TS2344: Type 'ForwardRefExoticComponent<CollapsibleContentProps & RefAttributes<HTMLDivElement>>' does not satisfy the constraint 'JSXElementConstructor<any> | keyof IntrinsicElements'.
  Type 'ForwardRefExoticComponent<CollapsibleContentProps & RefAttributes<HTMLDivElement>>' is not assignable to type '(props: any, deprecatedLegacyContext?: any) => ReactNode'.
    Type 'import("E:/my sites/arabic-service-website/node_modules/.pnpm/@types+react@19.2.7/node_modules/@types/react/index").ReactNode' is not assignable to type 'React.ReactNode'.
      Type 'ReactElement<unknown, string | JSXElementConstructor<any>>' is not assignable to type 'ReactNode'.
        Property 'children' is missing in type 'ReactElement<unknown, string | JSXElementConstructor<any>>' but required in type 'ReactPortal'.
components/ui/collapsible.tsx(26,6): error TS2786: 'CollapsiblePrimitive.CollapsibleContent' cannot be used as a JSX component.
  Its type 'ForwardRefExoticComponent<CollapsibleContentProps & RefAttributes<HTMLDivElement>>' is not a valid JSX element type.
    Type 'ForwardRefExoticComponent<CollapsibleContentProps & RefAttributes<HTMLDivElement>>' is not assignable to type '(props: any, deprecatedLegacyContext?: any) => ReactNode'.
      Type 'import("E:/my sites/arabic-service-website/node_modules/.pnpm/@types+react@19.2.7/node_modules/@types/react/index").ReactNode' is not assignable to type 'React.ReactNode'.
        Type 'ReactElement<unknown, string | JSXElementConstructor<any>>' is not assignable to type 'ReactNode'.
          Property 'children' is missing in type 'ReactElement<unknown, string | JSXElementConstructor<any>>' but required in type 'ReactPortal'.
components/ui/context-menu.tsx(11,25): error TS2344: Type 'FC<ContextMenuProps>' does not satisfy the constraint 'JSXElementConstructor<any> | keyof IntrinsicElements'.
  Type 'FunctionComponent<ContextMenuProps>' is not assignable to type '(props: any, deprecatedLegacyContext?: any) => ReactNode'.
    Type 'ReactNode | Promise<ReactNode>' is not assignable to type 'ReactNode'.
      Type 'ReactElement<unknown, string | JSXElementConstructor<any>>' is not assignable to type 'ReactNode'.
        Property 'children' is missing in type 'ReactElement<unknown, string | JSXElementConstructor<any>>' but required in type 'ReactPortal'.
components/ui/context-menu.tsx(12,11): error TS2786: 'ContextMenuPrimitive.Root' cannot be used as a JSX component.
  Its type 'FC<ContextMenuProps>' is not a valid JSX element type.
    Type 'FunctionComponent<ContextMenuProps>' is not assignable to type '(props: any, deprecatedLegacyContext?: any) => ReactNode'.
      Type 'ReactNode | Promise<ReactNode>' is not assignable to type 'ReactNode'.
        Type 'ReactElement<unknown, string | JSXElementConstructor<any>>' is not assignable to type 'ReactNode'.
          Property 'children' is missing in type 'ReactElement<unknown, string | JSXElementConstructor<any>>' but required in type 'ReactPortal'.
components/ui/context-menu.tsx(17,25): error TS2344: Type 'ForwardRefExoticComponent<ContextMenuTriggerProps & RefAttributes<HTMLSpanElement>>' does not satisfy the constraint 'JSXElementConstructor<any> | keyof IntrinsicElements'.
  Type 'ForwardRefExoticComponent<ContextMenuTriggerProps & RefAttributes<HTMLSpanElement>>' is not assignable to type '(props: any, deprecatedLegacyContext?: any) => ReactNode'.
    Type 'import("E:/my sites/arabic-service-website/node_modules/.pnpm/@types+react@19.2.7/node_modules/@types/react/index").ReactNode' is not assignable to type 'React.ReactNode'.
      Type 'ReactElement<unknown, string | JSXElementConstructor<any>>' is not assignable to type 'ReactNode'.
        Property 'children' is missing in type 'ReactElement<unknown, string | JSXElementConstructor<any>>' but required in type 'ReactPortal'.
components/ui/context-menu.tsx(19,6): error TS2786: 'ContextMenuPrimitive.Trigger' cannot be used as a JSX component.
  Its type 'ForwardRefExoticComponent<ContextMenuTriggerProps & RefAttributes<HTMLSpanElement>>' is not a valid JSX element type.
    Type 'ForwardRefExoticComponent<ContextMenuTriggerProps & RefAttributes<HTMLSpanElement>>' is not assignable to type '(props: any, deprecatedLegacyContext?: any) => ReactNode'.
      Type 'import("E:/my sites/arabic-service-website/node_modules/.pnpm/@types+react@19.2.7/node_modules/@types/react/index").ReactNode' is not assignable to type 'React.ReactNode'.
        Type 'ReactElement<unknown, string | JSXElementConstructor<any>>' is not assignable to type 'ReactNode'.
          Property 'children' is missing in type 'ReactElement<unknown, string | JSXElementConstructor<any>>' but required in type 'ReactPortal'.
components/ui/context-menu.tsx(25,25): error TS2344: Type 'ForwardRefExoticComponent<ContextMenuGroupProps & RefAttributes<HTMLDivElement>>' does not satisfy the constraint 'JSXElementConstructor<any> | keyof IntrinsicElements'.
  Type 'ForwardRefExoticComponent<ContextMenuGroupProps & RefAttributes<HTMLDivElement>>' is not assignable to type '(props: any, deprecatedLegacyContext?: any) => ReactNode'.
    Type 'import("E:/my sites/arabic-service-website/node_modules/.pnpm/@types+react@19.2.7/node_modules/@types/react/index").ReactNode' is not assignable to type 'React.ReactNode'.
      Type 'ReactElement<unknown, string | JSXElementConstructor<any>>' is not assignable to type 'ReactNode'.
        Property 'children' is missing in type 'ReactElement<unknown, string | JSXElementConstructor<any>>' but required in type 'ReactPortal'.
components/ui/context-menu.tsx(27,6): error TS2786: 'ContextMenuPrimitive.Group' cannot be used as a JSX component.
  Its type 'ForwardRefExoticComponent<ContextMenuGroupProps & RefAttributes<HTMLDivElement>>' is not a valid JSX element type.
    Type 'ForwardRefExoticComponent<ContextMenuGroupProps & RefAttributes<HTMLDivElement>>' is not assignable to type '(props: any, deprecatedLegacyContext?: any) => ReactNode'.
      Type 'import("E:/my sites/arabic-service-website/node_modules/.pnpm/@types+react@19.2.7/node_modules/@types/react/index").ReactNode' is not assignable to type 'React.ReactNode'.
        Type 'ReactElement<unknown, string | JSXElementConstructor<any>>' is not assignable to type 'ReactNode'.
          Property 'children' is missing in type 'ReactElement<unknown, string | JSXElementConstructor<any>>' but required in type 'ReactPortal'.
components/ui/context-menu.tsx(33,25): error TS2344: Type 'FC<ContextMenuPortalProps>' does not satisfy the constraint 'JSXElementConstructor<any> | keyof IntrinsicElements'.
  Type 'FunctionComponent<ContextMenuPortalProps>' is not assignable to type '(props: any, deprecatedLegacyContext?: any) => ReactNode'.
    Type 'ReactNode | Promise<ReactNode>' is not assignable to type 'ReactNode'.
      Type 'ReactElement<unknown, string | JSXElementConstructor<any>>' is not assignable to type 'ReactNode'.
        Property 'children' is missing in type 'ReactElement<unknown, string | JSXElementConstructor<any>>' but required in type 'ReactPortal'.
components/ui/context-menu.tsx(35,6): error TS2786: 'ContextMenuPrimitive.Portal' cannot be used as a JSX component.
  Its type 'FC<ContextMenuPortalProps>' is not a valid JSX element type.
    Type 'FunctionComponent<ContextMenuPortalProps>' is not assignable to type '(props: any, deprecatedLegacyContext?: any) => ReactNode'.
      Type 'ReactNode | Promise<ReactNode>' is not assignable to type 'ReactNode'.
        Type 'ReactElement<unknown, string | JSXElementConstructor<any>>' is not assignable to type 'ReactNode'.
          Property 'children' is missing in type 'ReactElement<unknown, string | JSXElementConstructor<any>>' but required in type 'ReactPortal'.
components/ui/context-menu.tsx(41,25): error TS2344: Type 'FC<ContextMenuSubProps>' does not satisfy the constraint 'JSXElementConstructor<any> | keyof IntrinsicElements'.
  Type 'FunctionComponent<ContextMenuSubProps>' is not assignable to type '(props: any, deprecatedLegacyContext?: any) => ReactNode'.
    Type 'ReactNode | Promise<ReactNode>' is not assignable to type 'ReactNode'.
      Type 'ReactElement<unknown, string | JSXElementConstructor<any>>' is not assignable to type 'ReactNode'.
        Property 'children' is missing in type 'ReactElement<unknown, string | JSXElementConstructor<any>>' but required in type 'ReactPortal'.
components/ui/context-menu.tsx(42,11): error TS2786: 'ContextMenuPrimitive.Sub' cannot be used as a JSX component.
  Its type 'FC<ContextMenuSubProps>' is not a valid JSX element type.
    Type 'FunctionComponent<ContextMenuSubProps>' is not assignable to type '(props: any, deprecatedLegacyContext?: any) => ReactNode'.
      Type 'ReactNode | Promise<ReactNode>' is not assignable to type 'ReactNode'.
        Type 'ReactElement<unknown, string | JSXElementConstructor<any>>' is not assignable to type 'ReactNode'.
          Property 'children' is missing in type 'ReactElement<unknown, string | JSXElementConstructor<any>>' but required in type 'ReactPortal'.
components/ui/context-menu.tsx(47,25): error TS2344: Type 'ForwardRefExoticComponent<ContextMenuRadioGroupProps & RefAttributes<HTMLDivElement>>' does not satisfy the constraint 'JSXElementConstructor<any> | keyof IntrinsicElements'.
  Type 'ForwardRefExoticComponent<ContextMenuRadioGroupProps & RefAttributes<HTMLDivElement>>' is not assignable to type '(props: any, deprecatedLegacyContext?: any) => ReactNode'.
    Type 'import("E:/my sites/arabic-service-website/node_modules/.pnpm/@types+react@19.2.7/node_modules/@types/react/index").ReactNode' is not assignable to type 'React.ReactNode'.
      Type 'ReactElement<unknown, string | JSXElementConstructor<any>>' is not assignable to type 'ReactNode'.
        Property 'children' is missing in type 'ReactElement<unknown, string | JSXElementConstructor<any>>' but required in type 'ReactPortal'.
components/ui/context-menu.tsx(49,6): error TS2786: 'ContextMenuPrimitive.RadioGroup' cannot be used as a JSX component.
  Its type 'ForwardRefExoticComponent<ContextMenuRadioGroupProps & RefAttributes<HTMLDivElement>>' is not a valid JSX element type.
    Type 'ForwardRefExoticComponent<ContextMenuRadioGroupProps & RefAttributes<HTMLDivElement>>' is not assignable to type '(props: any, deprecatedLegacyContext?: any) => ReactNode'.
      Type 'import("E:/my sites/arabic-service-website/node_modules/.pnpm/@types+react@19.2.7/node_modules/@types/react/index").ReactNode' is not assignable to type 'React.ReactNode'.
        Type 'ReactElement<unknown, string | JSXElementConstructor<any>>' is not assignable to type 'ReactNode'.
          Property 'children' is missing in type 'ReactElement<unknown, string | JSXElementConstructor<any>>' but required in type 'ReactPortal'.
components/ui/context-menu.tsx(57,3): error TS2339: Property 'className' does not exist on type '{ inset?: boolean | undefined; }'.
components/ui/context-menu.tsx(59,3): error TS2339: Property 'children' does not exist on type '{ inset?: boolean | undefined; }'.
components/ui/context-menu.tsx(61,25): error TS2344: Type 'ForwardRefExoticComponent<ContextMenuSubTriggerProps & RefAttributes<HTMLDivElement>>' does not satisfy the constraint 'JSXElementConstructor<any> | keyof IntrinsicElements'.
  Type 'ForwardRefExoticComponent<ContextMenuSubTriggerProps & RefAttributes<HTMLDivElement>>' is not assignable to type '(props: any, deprecatedLegacyContext?: any) => ReactNode'.
    Type 'import("E:/my sites/arabic-service-website/node_modules/.pnpm/@types+react@19.2.7/node_modules/@types/react/index").ReactNode' is not assignable to type 'React.ReactNode'.
      Type 'ReactElement<unknown, string | JSXElementConstructor<any>>' is not assignable to type 'ReactNode'.
        Property 'children' is missing in type 'ReactElement<unknown, string | JSXElementConstructor<any>>' but required in type 'ReactPortal'.
components/ui/context-menu.tsx(65,6): error TS2786: 'ContextMenuPrimitive.SubTrigger' cannot be used as a JSX component.
  Its type 'ForwardRefExoticComponent<ContextMenuSubTriggerProps & RefAttributes<HTMLDivElement>>' is not a valid JSX element type.
    Type 'ForwardRefExoticComponent<ContextMenuSubTriggerProps & RefAttributes<HTMLDivElement>>' is not assignable to type '(props: any, deprecatedLegacyContext?: any) => ReactNode'.
      Type 'import("E:/my sites/arabic-service-website/node_modules/.pnpm/@types+react@19.2.7/node_modules/@types/react/index").ReactNode' is not assignable to type 'React.ReactNode'.
        Type 'ReactElement<unknown, string | JSXElementConstructor<any>>' is not assignable to type 'ReactNode'.
          Property 'children' is missing in type 'ReactElement<unknown, string | JSXElementConstructor<any>>' but required in type 'ReactPortal'.
components/ui/context-menu.tsx(81,3): error TS2339: Property 'className' does not exist on type '{}'.
components/ui/context-menu.tsx(83,25): error TS2344: Type 'ForwardRefExoticComponent<ContextMenuSubContentProps & RefAttributes<HTMLDivElement>>' does not satisfy the constraint 'JSXElementConstructor<any> | keyof IntrinsicElements'.
  Type 'ForwardRefExoticComponent<ContextMenuSubContentProps & RefAttributes<HTMLDivElement>>' is not assignable to type '(props: any, deprecatedLegacyContext?: any) => ReactNode'.
    Type 'import("E:/my sites/arabic-service-website/node_modules/.pnpm/@types+react@19.2.7/node_modules/@types/react/index").ReactNode' is not assignable to type 'React.ReactNode'.
      Type 'ReactElement<unknown, string | JSXElementConstructor<any>>' is not assignable to type 'ReactNode'.
        Property 'children' is missing in type 'ReactElement<unknown, string | JSXElementConstructor<any>>' but required in type 'ReactPortal'.
components/ui/context-menu.tsx(85,6): error TS2786: 'ContextMenuPrimitive.SubContent' cannot be used as a JSX component.
  Its type 'ForwardRefExoticComponent<ContextMenuSubContentProps & RefAttributes<HTMLDivElement>>' is not a valid JSX element type.
    Type 'ForwardRefExoticComponent<ContextMenuSubContentProps & RefAttributes<HTMLDivElement>>' is not assignable to type '(props: any, deprecatedLegacyContext?: any) => ReactNode'.
      Type 'import("E:/my sites/arabic-service-website/node_modules/.pnpm/@types+react@19.2.7/node_modules/@types/react/index").ReactNode' is not assignable to type 'React.ReactNode'.
        Type 'ReactElement<unknown, string | JSXElementConstructor<any>>' is not assignable to type 'ReactNode'.
          Property 'children' is missing in type 'ReactElement<unknown, string | JSXElementConstructor<any>>' but required in type 'ReactPortal'.
components/ui/context-menu.tsx(97,3): error TS2339: Property 'className' does not exist on type '{}'.
components/ui/context-menu.tsx(99,25): error TS2344: Type 'ForwardRefExoticComponent<ContextMenuContentProps & RefAttributes<HTMLDivElement>>' does not satisfy the constraint 'JSXElementConstructor<any> | keyof IntrinsicElements'.
  Type 'ForwardRefExoticComponent<ContextMenuContentProps & RefAttributes<HTMLDivElement>>' is not assignable to type '(props: any, deprecatedLegacyContext?: any) => ReactNode'.
    Type 'import("E:/my sites/arabic-service-website/node_modules/.pnpm/@types+react@19.2.7/node_modules/@types/react/index").ReactNode' is not assignable to type 'React.ReactNode'.
      Type 'ReactElement<unknown, string | JSXElementConstructor<any>>' is not assignable to type 'ReactNode'.
        Property 'children' is missing in type 'ReactElement<unknown, string | JSXElementConstructor<any>>' but required in type 'ReactPortal'.
components/ui/context-menu.tsx(101,6): error TS2786: 'ContextMenuPrimitive.Portal' cannot be used as a JSX component.
  Its type 'FC<ContextMenuPortalProps>' is not a valid JSX element type.
    Type 'FunctionComponent<ContextMenuPortalProps>' is not assignable to type '(props: any, deprecatedLegacyContext?: any) => ReactNode'.
      Type 'ReactNode | Promise<ReactNode>' is not assignable to type 'ReactNode'.
        Type 'ReactElement<unknown, string | JSXElementConstructor<any>>' is not assignable to type 'ReactNode'.
          Property 'children' is missing in type 'ReactElement<unknown, string | JSXElementConstructor<any>>' but required in type 'ReactPortal'.
components/ui/context-menu.tsx(102,8): error TS2786: 'ContextMenuPrimitive.Content' cannot be used as a JSX component.
  Its type 'ForwardRefExoticComponent<ContextMenuContentProps & RefAttributes<HTMLDivElement>>' is not a valid JSX element type.
    Type 'ForwardRefExoticComponent<ContextMenuContentProps & RefAttributes<HTMLDivElement>>' is not assignable to type '(props: any, deprecatedLegacyContext?: any) => ReactNode'.
      Type 'import("E:/my sites/arabic-service-website/node_modules/.pnpm/@types+react@19.2.7/node_modules/@types/react/index").ReactNode' is not assignable to type 'React.ReactNode'.
        Type 'ReactElement<unknown, string | JSXElementConstructor<any>>' is not assignable to type 'ReactNode'.
          Property 'children' is missing in type 'ReactElement<unknown, string | JSXElementConstructor<any>>' but required in type 'ReactPortal'.
components/ui/context-menu.tsx(115,3): error TS2339: Property 'className' does not exist on type '{ inset?: boolean | undefined; variant?: "default" | "destructive" | undefined; }'.
components/ui/context-menu.tsx(119,25): error TS2344: Type 'ForwardRefExoticComponent<ContextMenuItemProps & RefAttributes<HTMLDivElement>>' does not satisfy the constraint 'JSXElementConstructor<any> | keyof IntrinsicElements'.
  Type 'ForwardRefExoticComponent<ContextMenuItemProps & RefAttributes<HTMLDivElement>>' is not assignable to type '(props: any, deprecatedLegacyContext?: any) => ReactNode'.
    Type 'import("E:/my sites/arabic-service-website/node_modules/.pnpm/@types+react@19.2.7/node_modules/@types/react/index").ReactNode' is not assignable to type 'React.ReactNode'.
      Type 'ReactElement<unknown, string | JSXElementConstructor<any>>' is not assignable to type 'ReactNode'.
        Property 'children' is missing in type 'ReactElement<unknown, string | JSXElementConstructor<any>>' but required in type 'ReactPortal'.
components/ui/context-menu.tsx(124,6): error TS2786: 'ContextMenuPrimitive.Item' cannot be used as a JSX component.
  Its type 'ForwardRefExoticComponent<ContextMenuItemProps & RefAttributes<HTMLDivElement>>' is not a valid JSX element type.
    Type 'ForwardRefExoticComponent<ContextMenuItemProps & RefAttributes<HTMLDivElement>>' is not assignable to type '(props: any, deprecatedLegacyContext?: any) => ReactNode'.
      Type 'import("E:/my sites/arabic-service-website/node_modules/.pnpm/@types+react@19.2.7/node_modules/@types/react/index").ReactNode' is not assignable to type 'React.ReactNode'.
        Type 'ReactElement<unknown, string | JSXElementConstructor<any>>' is not assignable to type 'ReactNode'.
          Property 'children' is missing in type 'ReactElement<unknown, string | JSXElementConstructor<any>>' but required in type 'ReactPortal'.
components/ui/context-menu.tsx(138,3): error TS2339: Property 'className' does not exist on type '{}'.
components/ui/context-menu.tsx(139,3): error TS2339: Property 'children' does not exist on type '{}'.
components/ui/context-menu.tsx(140,3): error TS2339: Property 'checked' does not exist on type '{}'.
components/ui/context-menu.tsx(142,25): error TS2344: Type 'ForwardRefExoticComponent<ContextMenuCheckboxItemProps & RefAttributes<HTMLDivElement>>' does not satisfy the constraint 'JSXElementConstructor<any> | keyof IntrinsicElements'.
  Type 'ForwardRefExoticComponent<ContextMenuCheckboxItemProps & RefAttributes<HTMLDivElement>>' is not assignable to type '(props: any, deprecatedLegacyContext?: any) => ReactNode'.
    Type 'import("E:/my sites/arabic-service-website/node_modules/.pnpm/@types+react@19.2.7/node_modules/@types/react/index").ReactNode' is not assignable to type 'React.ReactNode'.
      Type 'ReactElement<unknown, string | JSXElementConstructor<any>>' is not assignable to type 'ReactNode'.
        Property 'children' is missing in type 'ReactElement<unknown, string | JSXElementConstructor<any>>' but required in type 'ReactPortal'.
components/ui/context-menu.tsx(144,6): error TS2786: 'ContextMenuPrimitive.CheckboxItem' cannot be used as a JSX component.
  Its type 'ForwardRefExoticComponent<ContextMenuCheckboxItemProps & RefAttributes<HTMLDivElement>>' is not a valid JSX element type.
    Type 'ForwardRefExoticComponent<ContextMenuCheckboxItemProps & RefAttributes<HTMLDivElement>>' is not assignable to type '(props: any, deprecatedLegacyContext?: any) => ReactNode'.
      Type 'import("E:/my sites/arabic-service-website/node_modules/.pnpm/@types+react@19.2.7/node_modules/@types/react/index").ReactNode' is not assignable to type 'React.ReactNode'.
        Type 'ReactElement<unknown, string | JSXElementConstructor<any>>' is not assignable to type 'ReactNode'.
          Property 'children' is missing in type 'ReactElement<unknown, string | JSXElementConstructor<any>>' but required in type 'ReactPortal'.
components/ui/context-menu.tsx(154,10): error TS2786: 'ContextMenuPrimitive.ItemIndicator' cannot be used as a JSX component.
  Its type 'ForwardRefExoticComponent<ContextMenuItemIndicatorProps & RefAttributes<HTMLSpanElement>>' is not a valid JSX element type.
    Type 'ForwardRefExoticComponent<ContextMenuItemIndicatorProps & RefAttributes<HTMLSpanElement>>' is not assignable to type '(props: any, deprecatedLegacyContext?: any) => ReactNode'.
      Type 'import("E:/my sites/arabic-service-website/node_modules/.pnpm/@types+react@19.2.7/node_modules/@types/react/index").ReactNode' is not assignable to type 'React.ReactNode'.
        Type 'ReactElement<unknown, string | JSXElementConstructor<any>>' is not assignable to type 'ReactNode'.
          Property 'children' is missing in type 'ReactElement<unknown, string | JSXElementConstructor<any>>' but required in type 'ReactPortal'.
components/ui/context-menu.tsx(164,3): error TS2339: Property 'className' does not exist on type '{}'.
components/ui/context-menu.tsx(165,3): error TS2339: Property 'children' does not exist on type '{}'.
components/ui/context-menu.tsx(167,25): error TS2344: Type 'ForwardRefExoticComponent<ContextMenuRadioItemProps & RefAttributes<HTMLDivElement>>' does not satisfy the constraint 'JSXElementConstructor<any> | keyof IntrinsicElements'.
  Type 'ForwardRefExoticComponent<ContextMenuRadioItemProps & RefAttributes<HTMLDivElement>>' is not assignable to type '(props: any, deprecatedLegacyContext?: any) => ReactNode'.
    Type 'import("E:/my sites/arabic-service-website/node_modules/.pnpm/@types+react@19.2.7/node_modules/@types/react/index").ReactNode' is not assignable to type 'React.ReactNode'.
      Type 'ReactElement<unknown, string | JSXElementConstructor<any>>' is not assignable to type 'ReactNode'.
        Property 'children' is missing in type 'ReactElement<unknown, string | JSXElementConstructor<any>>' but required in type 'ReactPortal'.
components/ui/context-menu.tsx(169,6): error TS2741: Property 'value' is missing in type '{ children: any[]; "data-slot": string; className: string; }' but required in type 'Omit<MenuRadioItemProps & RefAttributes<HTMLDivElement>, "ref">'.
components/ui/context-menu.tsx(169,6): error TS2786: 'ContextMenuPrimitive.RadioItem' cannot be used as a JSX component.
  Its type 'ForwardRefExoticComponent<ContextMenuRadioItemProps & RefAttributes<HTMLDivElement>>' is not a valid JSX element type.
    Type 'ForwardRefExoticComponent<ContextMenuRadioItemProps & RefAttributes<HTMLDivElement>>' is not assignable to type '(props: any, deprecatedLegacyContext?: any) => ReactNode'.
      Type 'import("E:/my sites/arabic-service-website/node_modules/.pnpm/@types+react@19.2.7/node_modules/@types/react/index").ReactNode' is not assignable to type 'React.ReactNode'.
        Type 'ReactElement<unknown, string | JSXElementConstructor<any>>' is not assignable to type 'ReactNode'.
          Property 'children' is missing in type 'ReactElement<unknown, string | JSXElementConstructor<any>>' but required in type 'ReactPortal'.
components/ui/context-menu.tsx(178,10): error TS2786: 'ContextMenuPrimitive.ItemIndicator' cannot be used as a JSX component.
  Its type 'ForwardRefExoticComponent<ContextMenuItemIndicatorProps & RefAttributes<HTMLSpanElement>>' is not a valid JSX element type.
    Type 'ForwardRefExoticComponent<ContextMenuItemIndicatorProps & RefAttributes<HTMLSpanElement>>' is not assignable to type '(props: any, deprecatedLegacyContext?: any) => ReactNode'.
      Type 'import("E:/my sites/arabic-service-website/node_modules/.pnpm/@types+react@19.2.7/node_modules/@types/react/index").ReactNode' is not assignable to type 'React.ReactNode'.
        Type 'ReactElement<unknown, string | JSXElementConstructor<any>>' is not assignable to type 'ReactNode'.
          Property 'children' is missing in type 'ReactElement<unknown, string | JSXElementConstructor<any>>' but required in type 'ReactPortal'.
components/ui/context-menu.tsx(188,3): error TS2339: Property 'className' does not exist on type '{ inset?: boolean | undefined; }'.
components/ui/context-menu.tsx(191,25): error TS2344: Type 'ForwardRefExoticComponent<ContextMenuLabelProps & RefAttributes<HTMLDivElement>>' does not satisfy the constraint 'JSXElementConstructor<any> | keyof IntrinsicElements'.
  Type 'ForwardRefExoticComponent<ContextMenuLabelProps & RefAttributes<HTMLDivElement>>' is not assignable to type '(props: any, deprecatedLegacyContext?: any) => ReactNode'.
    Type 'import("E:/my sites/arabic-service-website/node_modules/.pnpm/@types+react@19.2.7/node_modules/@types/react/index").ReactNode' is not assignable to type 'React.ReactNode'.
      Type 'ReactElement<unknown, string | JSXElementConstructor<any>>' is not assignable to type 'ReactNode'.
        Property 'children' is missing in type 'ReactElement<unknown, string | JSXElementConstructor<any>>' but required in type 'ReactPortal'.
components/ui/context-menu.tsx(195,6): error TS2786: 'ContextMenuPrimitive.Label' cannot be used as a JSX component.
  Its type 'ForwardRefExoticComponent<ContextMenuLabelProps & RefAttributes<HTMLDivElement>>' is not a valid JSX element type.
    Type 'ForwardRefExoticComponent<ContextMenuLabelProps & RefAttributes<HTMLDivElement>>' is not assignable to type '(props: any, deprecatedLegacyContext?: any) => ReactNode'.
      Type 'import("E:/my sites/arabic-service-website/node_modules/.pnpm/@types+react@19.2.7/node_modules/@types/react/index").ReactNode' is not assignable to type 'React.ReactNode'.
        Type 'ReactElement<unknown, string | JSXElementConstructor<any>>' is not assignable to type 'ReactNode'.
          Property 'children' is missing in type 'ReactElement<unknown, string | JSXElementConstructor<any>>' but required in type 'ReactPortal'.
components/ui/context-menu.tsx(208,3): error TS2339: Property 'className' does not exist on type '{}'.
components/ui/context-menu.tsx(210,25): error TS2344: Type 'ForwardRefExoticComponent<ContextMenuSeparatorProps & RefAttributes<HTMLDivElement>>' does not satisfy the constraint 'JSXElementConstructor<any> | keyof IntrinsicElements'.
  Type 'ForwardRefExoticComponent<ContextMenuSeparatorProps & RefAttributes<HTMLDivElement>>' is not assignable to type '(props: any, deprecatedLegacyContext?: any) => ReactNode'.
    Type 'import("E:/my sites/arabic-service-website/node_modules/.pnpm/@types+react@19.2.7/node_modules/@types/react/index").ReactNode' is not assignable to type 'React.ReactNode'.
      Type 'ReactElement<unknown, string | JSXElementConstructor<any>>' is not assignable to type 'ReactNode'.
        Property 'children' is missing in type 'ReactElement<unknown, string | JSXElementConstructor<any>>' but required in type 'ReactPortal'.
components/ui/context-menu.tsx(212,6): error TS2786: 'ContextMenuPrimitive.Separator' cannot be used as a JSX component.
  Its type 'ForwardRefExoticComponent<ContextMenuSeparatorProps & RefAttributes<HTMLDivElement>>' is not a valid JSX element type.
    Type 'ForwardRefExoticComponent<ContextMenuSeparatorProps & RefAttributes<HTMLDivElement>>' is not assignable to type '(props: any, deprecatedLegacyContext?: any) => ReactNode'.
      Type 'import("E:/my sites/arabic-service-website/node_modules/.pnpm/@types+react@19.2.7/node_modules/@types/react/index").ReactNode' is not assignable to type 'React.ReactNode'.
        Type 'ReactElement<unknown, string | JSXElementConstructor<any>>' is not assignable to type 'ReactNode'.
          Property 'children' is missing in type 'ReactElement<unknown, string | JSXElementConstructor<any>>' but required in type 'ReactPortal'.
components/ui/drawer.tsx(16,25): error TS2344: Type 'ForwardRefExoticComponent<DialogTriggerProps & RefAttributes<HTMLButtonElement>>' does not satisfy the constraint 'JSXElementConstructor<any> | keyof IntrinsicElements'.
  Type 'ForwardRefExoticComponent<DialogTriggerProps & RefAttributes<HTMLButtonElement>>' is not assignable to type '(props: any, deprecatedLegacyContext?: any) => ReactNode'.
    Type 'import("E:/my sites/arabic-service-website/node_modules/.pnpm/@types+react@19.2.7/node_modules/@types/react/index").ReactNode' is not assignable to type 'React.ReactNode'.
      Type 'ReactElement<unknown, string | JSXElementConstructor<any>>' is not assignable to type 'ReactNode'.
        Property 'children' is missing in type 'ReactElement<unknown, string | JSXElementConstructor<any>>' but required in type 'ReactPortal'.
components/ui/drawer.tsx(17,11): error TS2786: 'DrawerPrimitive.Trigger' cannot be used as a JSX component.
  Its type 'ForwardRefExoticComponent<DialogTriggerProps & RefAttributes<HTMLButtonElement>>' is not a valid JSX element type.
    Type 'ForwardRefExoticComponent<DialogTriggerProps & RefAttributes<HTMLButtonElement>>' is not assignable to type '(props: any, deprecatedLegacyContext?: any) => ReactNode'.
      Type 'import("E:/my sites/arabic-service-website/node_modules/.pnpm/@types+react@19.2.7/node_modules/@types/react/index").ReactNode' is not assignable to type 'React.ReactNode'.
        Type 'ReactElement<unknown, string | JSXElementConstructor<any>>' is not assignable to type 'ReactNode'.
          Property 'children' is missing in type 'ReactElement<unknown, string | JSXElementConstructor<any>>' but required in type 'ReactPortal'.
components/ui/drawer.tsx(28,25): error TS2344: Type 'ForwardRefExoticComponent<DialogCloseProps & RefAttributes<HTMLButtonElement>>' does not satisfy the constraint 'JSXElementConstructor<any> | keyof IntrinsicElements'.
  Type 'ForwardRefExoticComponent<DialogCloseProps & RefAttributes<HTMLButtonElement>>' is not assignable to type '(props: any, deprecatedLegacyContext?: any) => ReactNode'.
    Type 'import("E:/my sites/arabic-service-website/node_modules/.pnpm/@types+react@19.2.7/node_modules/@types/react/index").ReactNode' is not assignable to type 'React.ReactNode'.
      Type 'ReactElement<unknown, string | JSXElementConstructor<any>>' is not assignable to type 'ReactNode'.
        Property 'children' is missing in type 'ReactElement<unknown, string | JSXElementConstructor<any>>' but required in type 'ReactPortal'.
components/ui/drawer.tsx(29,11): error TS2786: 'DrawerPrimitive.Close' cannot be used as a JSX component.
  Its type 'ForwardRefExoticComponent<DialogCloseProps & RefAttributes<HTMLButtonElement>>' is not a valid JSX element type.
    Type 'ForwardRefExoticComponent<DialogCloseProps & RefAttributes<HTMLButtonElement>>' is not assignable to type '(props: any, deprecatedLegacyContext?: any) => ReactNode'.
      Type 'import("E:/my sites/arabic-service-website/node_modules/.pnpm/@types+react@19.2.7/node_modules/@types/react/index").ReactNode' is not assignable to type 'React.ReactNode'.
        Type 'ReactElement<unknown, string | JSXElementConstructor<any>>' is not assignable to type 'ReactNode'.
          Property 'children' is missing in type 'ReactElement<unknown, string | JSXElementConstructor<any>>' but required in type 'ReactPortal'.
components/ui/drawer.tsx(33,3): error TS2339: Property 'className' does not exist on type '{}'.
components/ui/drawer.tsx(35,25): error TS2344: Type 'ForwardRefExoticComponent<Omit<DialogOverlayProps & RefAttributes<HTMLDivElement>, "ref"> & RefAttributes<HTMLDivElement>>' does not satisfy the constraint 'JSXElementConstructor<any> | keyof IntrinsicElements'.
  Type 'ForwardRefExoticComponent<Omit<DialogOverlayProps & RefAttributes<HTMLDivElement>, "ref"> & RefAttributes<HTMLDivElement>>' is not assignable to type '(props: any, deprecatedLegacyContext?: any) => ReactNode'.
    Type 'import("E:/my sites/arabic-service-website/node_modules/.pnpm/@types+react@19.2.7/node_modules/@types/react/index").ReactNode' is not assignable to type 'React.ReactNode'.
      Type 'ReactElement<unknown, string | JSXElementConstructor<any>>' is not assignable to type 'ReactNode'.
        Property 'children' is missing in type 'ReactElement<unknown, string | JSXElementConstructor<any>>' but required in type 'ReactPortal'.
components/ui/drawer.tsx(37,6): error TS2786: 'DrawerPrimitive.Overlay' cannot be used as a JSX component.
  Its type 'ForwardRefExoticComponent<Omit<DialogOverlayProps & RefAttributes<HTMLDivElement>, "ref"> & RefAttributes<HTMLDivElement>>' is not a valid JSX element type.
    Type 'ForwardRefExoticComponent<Omit<DialogOverlayProps & RefAttributes<HTMLDivElement>, "ref"> & RefAttributes<HTMLDivElement>>' is not assignable to type '(props: any, deprecatedLegacyContext?: any) => ReactNode'.
      Type 'import("E:/my sites/arabic-service-website/node_modules/.pnpm/@types+react@19.2.7/node_modules/@types/react/index").ReactNode' is not assignable to type 'React.ReactNode'.
        Type 'ReactElement<unknown, string | JSXElementConstructor<any>>' is not assignable to type 'ReactNode'.
          Property 'children' is missing in type 'ReactElement<unknown, string | JSXElementConstructor<any>>' but required in type 'ReactPortal'.
components/ui/drawer.tsx(49,3): error TS2339: Property 'className' does not exist on type '{}'.
components/ui/drawer.tsx(50,3): error TS2339: Property 'children' does not exist on type '{}'.
components/ui/drawer.tsx(52,25): error TS2344: Type 'ForwardRefExoticComponent<Omit<DialogContentProps & RefAttributes<HTMLDivElement>, "ref"> & RefAttributes<HTMLDivElement>>' does not satisfy the constraint 'JSXElementConstructor<any> | keyof IntrinsicElements'.
  Type 'ForwardRefExoticComponent<Omit<DialogContentProps & RefAttributes<HTMLDivElement>, "ref"> & RefAttributes<HTMLDivElement>>' is not assignable to type '(props: any, deprecatedLegacyContext?: any) => ReactNode'.
    Type 'import("E:/my sites/arabic-service-website/node_modules/.pnpm/@types+react@19.2.7/node_modules/@types/react/index").ReactNode' is not assignable to type 'React.ReactNode'.
      Type 'ReactElement<unknown, string | JSXElementConstructor<any>>' is not assignable to type 'ReactNode'.
        Property 'children' is missing in type 'ReactElement<unknown, string | JSXElementConstructor<any>>' but required in type 'ReactPortal'.
components/ui/drawer.tsx(56,8): error TS2786: 'DrawerPrimitive.Content' cannot be used as a JSX component.
  Its type 'ForwardRefExoticComponent<Omit<DialogContentProps & RefAttributes<HTMLDivElement>, "ref"> & RefAttributes<HTMLDivElement>>' is not a valid JSX element type.
    Type 'ForwardRefExoticComponent<Omit<DialogContentProps & RefAttributes<HTMLDivElement>, "ref"> & RefAttributes<HTMLDivElement>>' is not assignable to type '(props: any, deprecatedLegacyContext?: any) => ReactNode'.
      Type 'import("E:/my sites/arabic-service-website/node_modules/.pnpm/@types+react@19.2.7/node_modules/@types/react/index").ReactNode' is not assignable to type 'React.ReactNode'.
        Type 'ReactElement<unknown, string | JSXElementConstructor<any>>' is not assignable to type 'ReactNode'.
          Property 'children' is missing in type 'ReactElement<unknown, string | JSXElementConstructor<any>>' but required in type 'ReactPortal'.
components/ui/drawer.tsx(99,3): error TS2339: Property 'className' does not exist on type '{}'.
components/ui/drawer.tsx(101,25): error TS2344: Type 'ForwardRefExoticComponent<DialogTitleProps & RefAttributes<HTMLHeadingElement>>' does not satisfy the constraint 'JSXElementConstructor<any> | keyof IntrinsicElements'.
  Type 'ForwardRefExoticComponent<DialogTitleProps & RefAttributes<HTMLHeadingElement>>' is not assignable to type '(props: any, deprecatedLegacyContext?: any) => ReactNode'.
    Type 'import("E:/my sites/arabic-service-website/node_modules/.pnpm/@types+react@19.2.7/node_modules/@types/react/index").ReactNode' is not assignable to type 'React.ReactNode'.
      Type 'ReactElement<unknown, string | JSXElementConstructor<any>>' is not assignable to type 'ReactNode'.
        Property 'children' is missing in type 'ReactElement<unknown, string | JSXElementConstructor<any>>' but required in type 'ReactPortal'.
components/ui/drawer.tsx(103,6): error TS2786: 'DrawerPrimitive.Title' cannot be used as a JSX component.
  Its type 'ForwardRefExoticComponent<DialogTitleProps & RefAttributes<HTMLHeadingElement>>' is not a valid JSX element type.
    Type 'ForwardRefExoticComponent<DialogTitleProps & RefAttributes<HTMLHeadingElement>>' is not assignable to type '(props: any, deprecatedLegacyContext?: any) => ReactNode'.
      Type 'import("E:/my sites/arabic-service-website/node_modules/.pnpm/@types+react@19.2.7/node_modules/@types/react/index").ReactNode' is not assignable to type 'React.ReactNode'.
        Type 'ReactElement<unknown, string | JSXElementConstructor<any>>' is not assignable to type 'ReactNode'.
          Property 'children' is missing in type 'ReactElement<unknown, string | JSXElementConstructor<any>>' but required in type 'ReactPortal'.
components/ui/drawer.tsx(112,3): error TS2339: Property 'className' does not exist on type '{}'.
components/ui/drawer.tsx(114,25): error TS2344: Type 'ForwardRefExoticComponent<DialogDescriptionProps & RefAttributes<HTMLParagraphElement>>' does not satisfy the constraint 'JSXElementConstructor<any> | keyof IntrinsicElements'.
  Type 'ForwardRefExoticComponent<DialogDescriptionProps & RefAttributes<HTMLParagraphElement>>' is not assignable to type '(props: any, deprecatedLegacyContext?: any) => ReactNode'.
    Type 'import("E:/my sites/arabic-service-website/node_modules/.pnpm/@types+react@19.2.7/node_modules/@types/react/index").ReactNode' is not assignable to type 'React.ReactNode'.
      Type 'ReactElement<unknown, string | JSXElementConstructor<any>>' is not assignable to type 'ReactNode'.
        Property 'children' is missing in type 'ReactElement<unknown, string | JSXElementConstructor<any>>' but required in type 'ReactPortal'.
components/ui/drawer.tsx(116,6): error TS2786: 'DrawerPrimitive.Description' cannot be used as a JSX component.
  Its type 'ForwardRefExoticComponent<DialogDescriptionProps & RefAttributes<HTMLParagraphElement>>' is not a valid JSX element type.
    Type 'ForwardRefExoticComponent<DialogDescriptionProps & RefAttributes<HTMLParagraphElement>>' is not assignable to type '(props: any, deprecatedLegacyContext?: any) => ReactNode'.
      Type 'import("E:/my sites/arabic-service-website/node_modules/.pnpm/@types+react@19.2.7/node_modules/@types/react/index").ReactNode' is not assignable to type 'React.ReactNode'.
        Type 'ReactElement<unknown, string | JSXElementConstructor<any>>' is not assignable to type 'ReactNode'.
          Property 'children' is missing in type 'ReactElement<unknown, string | JSXElementConstructor<any>>' but required in type 'ReactPortal'.
components/ui/hover-card.tsx(10,25): error TS2344: Type 'FC<HoverCardProps>' does not satisfy the constraint 'JSXElementConstructor<any> | keyof IntrinsicElements'.
  Type 'FunctionComponent<HoverCardProps>' is not assignable to type '(props: any, deprecatedLegacyContext?: any) => ReactNode'.
    Type 'ReactNode | Promise<ReactNode>' is not assignable to type 'ReactNode'.
      Type 'ReactElement<unknown, string | JSXElementConstructor<any>>' is not assignable to type 'ReactNode'.
        Property 'children' is missing in type 'ReactElement<unknown, string | JSXElementConstructor<any>>' but required in type 'ReactPortal'.
components/ui/hover-card.tsx(11,11): error TS2786: 'HoverCardPrimitive.Root' cannot be used as a JSX component.
  Its type 'FC<HoverCardProps>' is not a valid JSX element type.
    Type 'FunctionComponent<HoverCardProps>' is not assignable to type '(props: any, deprecatedLegacyContext?: any) => ReactNode'.
      Type 'ReactNode | Promise<ReactNode>' is not assignable to type 'ReactNode'.
        Type 'ReactElement<unknown, string | JSXElementConstructor<any>>' is not assignable to type 'ReactNode'.
          Property 'children' is missing in type 'ReactElement<unknown, string | JSXElementConstructor<any>>' but required in type 'ReactPortal'.
components/ui/hover-card.tsx(16,25): error TS2344: Type 'ForwardRefExoticComponent<HoverCardTriggerProps & RefAttributes<HTMLAnchorElement>>' does not satisfy the constraint 'JSXElementConstructor<any> | keyof IntrinsicElements'.
  Type 'ForwardRefExoticComponent<HoverCardTriggerProps & RefAttributes<HTMLAnchorElement>>' is not assignable to type '(props: any, deprecatedLegacyContext?: any) => ReactNode'.
    Type 'import("E:/my sites/arabic-service-website/node_modules/.pnpm/@types+react@19.2.7/node_modules/@types/react/index").ReactNode' is not assignable to type 'React.ReactNode'.
      Type 'ReactElement<unknown, string | JSXElementConstructor<any>>' is not assignable to type 'ReactNode'.
        Property 'children' is missing in type 'ReactElement<unknown, string | JSXElementConstructor<any>>' but required in type 'ReactPortal'.
components/ui/hover-card.tsx(18,6): error TS2786: 'HoverCardPrimitive.Trigger' cannot be used as a JSX component.
  Its type 'ForwardRefExoticComponent<HoverCardTriggerProps & RefAttributes<HTMLAnchorElement>>' is not a valid JSX element type.
    Type 'ForwardRefExoticComponent<HoverCardTriggerProps & RefAttributes<HTMLAnchorElement>>' is not assignable to type '(props: any, deprecatedLegacyContext?: any) => ReactNode'.
      Type 'import("E:/my sites/arabic-service-website/node_modules/.pnpm/@types+react@19.2.7/node_modules/@types/react/index").ReactNode' is not assignable to type 'React.ReactNode'.
        Type 'ReactElement<unknown, string | JSXElementConstructor<any>>' is not assignable to type 'ReactNode'.
          Property 'children' is missing in type 'ReactElement<unknown, string | JSXElementConstructor<any>>' but required in type 'ReactPortal'.
components/ui/hover-card.tsx(23,3): error TS2339: Property 'className' does not exist on type '{}'.
components/ui/hover-card.tsx(24,3): error TS2339: Property 'align' does not exist on type '{}'.
components/ui/hover-card.tsx(25,3): error TS2339: Property 'sideOffset' does not exist on type '{}'.
components/ui/hover-card.tsx(27,25): error TS2344: Type 'ForwardRefExoticComponent<HoverCardContentProps & RefAttributes<HTMLDivElement>>' does not satisfy the constraint 'JSXElementConstructor<any> | keyof IntrinsicElements'.
  Type 'ForwardRefExoticComponent<HoverCardContentProps & RefAttributes<HTMLDivElement>>' is not assignable to type '(props: any, deprecatedLegacyContext?: any) => ReactNode'.
    Type 'import("E:/my sites/arabic-service-website/node_modules/.pnpm/@types+react@19.2.7/node_modules/@types/react/index").ReactNode' is not assignable to type 'React.ReactNode'.
      Type 'ReactElement<unknown, string | JSXElementConstructor<any>>' is not assignable to type 'ReactNode'.
        Property 'children' is missing in type 'ReactElement<unknown, string | JSXElementConstructor<any>>' but required in type 'ReactPortal'.
components/ui/hover-card.tsx(29,6): error TS2786: 'HoverCardPrimitive.Portal' cannot be used as a JSX component.
  Its type 'FC<HoverCardPortalProps>' is not a valid JSX element type.
    Type 'FunctionComponent<HoverCardPortalProps>' is not assignable to type '(props: any, deprecatedLegacyContext?: any) => ReactNode'.
      Type 'ReactNode | Promise<ReactNode>' is not assignable to type 'ReactNode'.
        Type 'ReactElement<unknown, string | JSXElementConstructor<any>>' is not assignable to type 'ReactNode'.
          Property 'children' is missing in type 'ReactElement<unknown, string | JSXElementConstructor<any>>' but required in type 'ReactPortal'.
components/ui/hover-card.tsx(30,8): error TS2786: 'HoverCardPrimitive.Content' cannot be used as a JSX component.
  Its type 'ForwardRefExoticComponent<HoverCardContentProps & RefAttributes<HTMLDivElement>>' is not a valid JSX element type.
    Type 'ForwardRefExoticComponent<HoverCardContentProps & RefAttributes<HTMLDivElement>>' is not assignable to type '(props: any, deprecatedLegacyContext?: any) => ReactNode'.
      Type 'import("E:/my sites/arabic-service-website/node_modules/.pnpm/@types+react@19.2.7/node_modules/@types/react/index").ReactNode' is not assignable to type 'React.ReactNode'.
        Type 'ReactElement<unknown, string | JSXElementConstructor<any>>' is not assignable to type 'ReactNode'.
          Property 'children' is missing in type 'ReactElement<unknown, string | JSXElementConstructor<any>>' but required in type 'ReactPortal'.
components/ui/input-otp.tsx(10,3): error TS2339: Property 'className' does not exist on type '{ containerClassName?: string | undefined; }'.
components/ui/input-otp.tsx(13,25): error TS2344: Type 'ForwardRefExoticComponent<OTPInputProps & RefAttributes<HTMLInputElement>>' does not satisfy the constraint 'JSXElementConstructor<any> | keyof IntrinsicElements'.
  Type 'ForwardRefExoticComponent<OTPInputProps & RefAttributes<HTMLInputElement>>' is not assignable to type '(props: any, deprecatedLegacyContext?: any) => ReactNode'.
    Type 'import("E:/my sites/arabic-service-website/node_modules/.pnpm/@types+react@19.2.7/node_modules/@types/react/index").ReactNode' is not assignable to type 'React.ReactNode'.
      Type 'ReactElement<unknown, string | JSXElementConstructor<any>>' is not assignable to type 'ReactNode'.
        Property 'children' is missing in type 'ReactElement<unknown, string | JSXElementConstructor<any>>' but required in type 'ReactPortal'.
components/ui/input-otp.tsx(17,6): error TS2322: Type '{ "data-slot": string; containerClassName: string; className: string; }' is not assignable to type 'IntrinsicAttributes & (OTPInputProps & RefAttributes<HTMLInputElement>)'.
  Property 'maxLength' is missing in type '{ "data-slot": string; containerClassName: string; className: string; }' but required in type '{ value?: string | undefined; onChange?: ((newValue: string) => unknown) | undefined; maxLength: number; textAlign?: "left" | "center" | "right" | undefined; onComplete?: ((...args: any[]) => unknown) | undefined; pushPasswordManagerStrategy?: "none" | ... 1 more ... | undefined; pasteTransformer?: ((pasted: string)...'.
components/ui/input-otp.tsx(17,6): error TS2786: 'OTPInput' cannot be used as a JSX component.
  Its type 'ForwardRefExoticComponent<OTPInputProps & RefAttributes<HTMLInputElement>>' is not a valid JSX element type.
    Type 'ForwardRefExoticComponent<OTPInputProps & RefAttributes<HTMLInputElement>>' is not assignable to type '(props: any, deprecatedLegacyContext?: any) => ReactNode'.
      Type 'import("E:/my sites/arabic-service-website/node_modules/.pnpm/@types+react@19.2.7/node_modules/@types/react/index").ReactNode' is not assignable to type 'React.ReactNode'.
        Type 'ReactElement<unknown, string | JSXElementConstructor<any>>' is not assignable to type 'ReactNode'.
          Property 'children' is missing in type 'ReactElement<unknown, string | JSXElementConstructor<any>>' but required in type 'ReactPortal'.
components/ui/input-otp.tsx(46,44): error TS2769: No overload matches this call.
  Overload 1 of 2, '(context: ServerContext<ServerContextJSONValue>): ServerContextJSONValue', gave the following error.
    Argument of type 'Context<RenderProps>' is not assignable to parameter of type 'ServerContext<ServerContextJSONValue>'.
      Types of property 'Provider' are incompatible.
        Type 'Provider<RenderProps>' is not assignable to type 'Provider<ServerContextJSONValue>'.
          Types of parameters 'props' and 'props' are incompatible.
            Type 'ProviderProps<ServerContextJSONValue>' is not assignable to type 'ProviderProps<RenderProps>'.
              Types of property 'value' are incompatible.
                Type 'ServerContextJSONValue' is not assignable to type 'RenderProps'.
                  Type 'null' is not assignable to type 'RenderProps'.
  Overload 2 of 2, '(context: Context<RenderProps>): RenderProps', gave the following error.
    Argument of type 'import("E:/my sites/arabic-service-website/node_modules/.pnpm/@types+react@19.2.7/node_modules/@types/react/index").Context<import("E:/my sites/arabic-service-website/node_modules/.pnpm/input-otp@1.4.1_react-dom@19.2.0_react@19.2.0__react@19.2.0/node_modules/input-otp/dist/index").RenderProps>' is not assignable to parameter of type 'React.Context<import("E:/my sites/arabic-service-website/node_modules/.pnpm/input-otp@1.4.1_react-dom@19.2.0_react@19.2.0__react@19.2.0/node_modules/input-otp/dist/index").RenderProps>'.
      The types returned by 'Provider(...)' are incompatible between these types.
        Type 'import("E:/my sites/arabic-service-website/node_modules/.pnpm/@types+react@19.2.7/node_modules/@types/react/index").ReactNode' is not assignable to type 'React.ReactNode'.
          Type 'ReactElement<unknown, string | JSXElementConstructor<any>>' is not assignable to type 'ReactNode'.
            Property 'children' is missing in type 'ReactElement<unknown, string | JSXElementConstructor<any>>' but required in type 'ReactPortal'.
components/ui/input-otp.tsx(47,61): error TS2339: Property 'slots' does not exist on type 'string | number | boolean | ServerContextJSONArray | { [key: string]: ServerContextJSONValue; }'.
  Property 'slots' does not exist on type 'string'.
components/ui/menubar.tsx(10,3): error TS2339: Property 'className' does not exist on type '{}'.
components/ui/menubar.tsx(12,25): error TS2344: Type 'ForwardRefExoticComponent<MenubarProps & RefAttributes<HTMLDivElement>>' does not satisfy the constraint 'JSXElementConstructor<any> | keyof IntrinsicElements'.
  Type 'ForwardRefExoticComponent<MenubarProps & RefAttributes<HTMLDivElement>>' is not assignable to type '(props: any, deprecatedLegacyContext?: any) => ReactNode'.
    Type 'import("E:/my sites/arabic-service-website/node_modules/.pnpm/@types+react@19.2.7/node_modules/@types/react/index").ReactNode' is not assignable to type 'React.ReactNode'.
      Type 'ReactElement<unknown, string | JSXElementConstructor<any>>' is not assignable to type 'ReactNode'.
        Property 'children' is missing in type 'ReactElement<unknown, string | JSXElementConstructor<any>>' but required in type 'ReactPortal'.
components/ui/menubar.tsx(14,6): error TS2786: 'MenubarPrimitive.Root' cannot be used as a JSX component.
  Its type 'ForwardRefExoticComponent<MenubarProps & RefAttributes<HTMLDivElement>>' is not a valid JSX element type.
    Type 'ForwardRefExoticComponent<MenubarProps & RefAttributes<HTMLDivElement>>' is not assignable to type '(props: any, deprecatedLegacyContext?: any) => ReactNode'.
      Type 'import("E:/my sites/arabic-service-website/node_modules/.pnpm/@types+react@19.2.7/node_modules/@types/react/index").ReactNode' is not assignable to type 'React.ReactNode'.
        Type 'ReactElement<unknown, string | JSXElementConstructor<any>>' is not assignable to type 'ReactNode'.
          Property 'children' is missing in type 'ReactElement<unknown, string | JSXElementConstructor<any>>' but required in type 'ReactPortal'.
components/ui/menubar.tsx(33,25): error TS2344: Type 'ForwardRefExoticComponent<MenubarGroupProps & RefAttributes<HTMLDivElement>>' does not satisfy the constraint 'JSXElementConstructor<any> | keyof IntrinsicElements'.
  Type 'ForwardRefExoticComponent<MenubarGroupProps & RefAttributes<HTMLDivElement>>' is not assignable to type '(props: any, deprecatedLegacyContext?: any) => ReactNode'.
    Type 'import("E:/my sites/arabic-service-website/node_modules/.pnpm/@types+react@19.2.7/node_modules/@types/react/index").ReactNode' is not assignable to type 'React.ReactNode'.
      Type 'ReactElement<unknown, string | JSXElementConstructor<any>>' is not assignable to type 'ReactNode'.
        Property 'children' is missing in type 'ReactElement<unknown, string | JSXElementConstructor<any>>' but required in type 'ReactPortal'.
components/ui/menubar.tsx(34,11): error TS2786: 'MenubarPrimitive.Group' cannot be used as a JSX component.
  Its type 'ForwardRefExoticComponent<MenubarGroupProps & RefAttributes<HTMLDivElement>>' is not a valid JSX element type.
    Type 'ForwardRefExoticComponent<MenubarGroupProps & RefAttributes<HTMLDivElement>>' is not assignable to type '(props: any, deprecatedLegacyContext?: any) => ReactNode'.
      Type 'import("E:/my sites/arabic-service-website/node_modules/.pnpm/@types+react@19.2.7/node_modules/@types/react/index").ReactNode' is not assignable to type 'React.ReactNode'.
        Type 'ReactElement<unknown, string | JSXElementConstructor<any>>' is not assignable to type 'ReactNode'.
          Property 'children' is missing in type 'ReactElement<unknown, string | JSXElementConstructor<any>>' but required in type 'ReactPortal'.
components/ui/menubar.tsx(39,25): error TS2344: Type 'FC<MenubarPortalProps>' does not satisfy the constraint 'JSXElementConstructor<any> | keyof IntrinsicElements'.
  Type 'FunctionComponent<MenubarPortalProps>' is not assignable to type '(props: any, deprecatedLegacyContext?: any) => ReactNode'.
    Type 'ReactNode | Promise<ReactNode>' is not assignable to type 'ReactNode'.
      Type 'ReactElement<unknown, string | JSXElementConstructor<any>>' is not assignable to type 'ReactNode'.
        Property 'children' is missing in type 'ReactElement<unknown, string | JSXElementConstructor<any>>' but required in type 'ReactPortal'.
components/ui/menubar.tsx(40,11): error TS2786: 'MenubarPrimitive.Portal' cannot be used as a JSX component.
  Its type 'FC<MenubarPortalProps>' is not a valid JSX element type.
    Type 'FunctionComponent<MenubarPortalProps>' is not assignable to type '(props: any, deprecatedLegacyContext?: any) => ReactNode'.
      Type 'ReactNode | Promise<ReactNode>' is not assignable to type 'ReactNode'.
        Type 'ReactElement<unknown, string | JSXElementConstructor<any>>' is not assignable to type 'ReactNode'.
          Property 'children' is missing in type 'ReactElement<unknown, string | JSXElementConstructor<any>>' but required in type 'ReactPortal'.
components/ui/menubar.tsx(45,25): error TS2344: Type 'ForwardRefExoticComponent<MenubarRadioGroupProps & RefAttributes<HTMLDivElement>>' does not satisfy the constraint 'JSXElementConstructor<any> | keyof IntrinsicElements'.
  Type 'ForwardRefExoticComponent<MenubarRadioGroupProps & RefAttributes<HTMLDivElement>>' is not assignable to type '(props: any, deprecatedLegacyContext?: any) => ReactNode'.
    Type 'import("E:/my sites/arabic-service-website/node_modules/.pnpm/@types+react@19.2.7/node_modules/@types/react/index").ReactNode' is not assignable to type 'React.ReactNode'.
      Type 'ReactElement<unknown, string | JSXElementConstructor<any>>' is not assignable to type 'ReactNode'.
        Property 'children' is missing in type 'ReactElement<unknown, string | JSXElementConstructor<any>>' but required in type 'ReactPortal'.
components/ui/menubar.tsx(47,6): error TS2786: 'MenubarPrimitive.RadioGroup' cannot be used as a JSX component.
  Its type 'ForwardRefExoticComponent<MenubarRadioGroupProps & RefAttributes<HTMLDivElement>>' is not a valid JSX element type.
    Type 'ForwardRefExoticComponent<MenubarRadioGroupProps & RefAttributes<HTMLDivElement>>' is not assignable to type '(props: any, deprecatedLegacyContext?: any) => ReactNode'.
      Type 'import("E:/my sites/arabic-service-website/node_modules/.pnpm/@types+react@19.2.7/node_modules/@types/react/index").ReactNode' is not assignable to type 'React.ReactNode'.
        Type 'ReactElement<unknown, string | JSXElementConstructor<any>>' is not assignable to type 'ReactNode'.
          Property 'children' is missing in type 'ReactElement<unknown, string | JSXElementConstructor<any>>' but required in type 'ReactPortal'.
components/ui/menubar.tsx(52,3): error TS2339: Property 'className' does not exist on type '{}'.
components/ui/menubar.tsx(54,25): error TS2344: Type 'ForwardRefExoticComponent<MenubarTriggerProps & RefAttributes<HTMLButtonElement>>' does not satisfy the constraint 'JSXElementConstructor<any> | keyof IntrinsicElements'.
  Type 'ForwardRefExoticComponent<MenubarTriggerProps & RefAttributes<HTMLButtonElement>>' is not assignable to type '(props: any, deprecatedLegacyContext?: any) => ReactNode'.
    Type 'import("E:/my sites/arabic-service-website/node_modules/.pnpm/@types+react@19.2.7/node_modules/@types/react/index").ReactNode' is not assignable to type 'React.ReactNode'.
      Type 'ReactElement<unknown, string | JSXElementConstructor<any>>' is not assignable to type 'ReactNode'.
        Property 'children' is missing in type 'ReactElement<unknown, string | JSXElementConstructor<any>>' but required in type 'ReactPortal'.
components/ui/menubar.tsx(56,6): error TS2786: 'MenubarPrimitive.Trigger' cannot be used as a JSX component.
  Its type 'ForwardRefExoticComponent<MenubarTriggerProps & RefAttributes<HTMLButtonElement>>' is not a valid JSX element type.
    Type 'ForwardRefExoticComponent<MenubarTriggerProps & RefAttributes<HTMLButtonElement>>' is not assignable to type '(props: any, deprecatedLegacyContext?: any) => ReactNode'.
      Type 'import("E:/my sites/arabic-service-website/node_modules/.pnpm/@types+react@19.2.7/node_modules/@types/react/index").ReactNode' is not assignable to type 'React.ReactNode'.
        Type 'ReactElement<unknown, string | JSXElementConstructor<any>>' is not assignable to type 'ReactNode'.
          Property 'children' is missing in type 'ReactElement<unknown, string | JSXElementConstructor<any>>' but required in type 'ReactPortal'.
components/ui/menubar.tsx(68,3): error TS2339: Property 'className' does not exist on type '{}'.
components/ui/menubar.tsx(69,3): error TS2339: Property 'align' does not exist on type '{}'.
components/ui/menubar.tsx(70,3): error TS2339: Property 'alignOffset' does not exist on type '{}'.
components/ui/menubar.tsx(71,3): error TS2339: Property 'sideOffset' does not exist on type '{}'.
components/ui/menubar.tsx(73,25): error TS2344: Type 'ForwardRefExoticComponent<MenubarContentProps & RefAttributes<HTMLDivElement>>' does not satisfy the constraint 'JSXElementConstructor<any> | keyof IntrinsicElements'.
  Type 'ForwardRefExoticComponent<MenubarContentProps & RefAttributes<HTMLDivElement>>' is not assignable to type '(props: any, deprecatedLegacyContext?: any) => ReactNode'.
    Type 'import("E:/my sites/arabic-service-website/node_modules/.pnpm/@types+react@19.2.7/node_modules/@types/react/index").ReactNode' is not assignable to type 'React.ReactNode'.
      Type 'ReactElement<unknown, string | JSXElementConstructor<any>>' is not assignable to type 'ReactNode'.
        Property 'children' is missing in type 'ReactElement<unknown, string | JSXElementConstructor<any>>' but required in type 'ReactPortal'.
components/ui/menubar.tsx(75,6): error TS2559: Type '{ children: Element; }' has no properties in common with type 'IntrinsicAttributes'.
components/ui/menubar.tsx(76,8): error TS2786: 'MenubarPrimitive.Content' cannot be used as a JSX component.
  Its type 'ForwardRefExoticComponent<MenubarContentProps & RefAttributes<HTMLDivElement>>' is not a valid JSX element type.
    Type 'ForwardRefExoticComponent<MenubarContentProps & RefAttributes<HTMLDivElement>>' is not assignable to type '(props: any, deprecatedLegacyContext?: any) => ReactNode'.
      Type 'import("E:/my sites/arabic-service-website/node_modules/.pnpm/@types+react@19.2.7/node_modules/@types/react/index").ReactNode' is not assignable to type 'React.ReactNode'.
        Type 'ReactElement<unknown, string | JSXElementConstructor<any>>' is not assignable to type 'ReactNode'.
          Property 'children' is missing in type 'ReactElement<unknown, string | JSXElementConstructor<any>>' but required in type 'ReactPortal'.
components/ui/menubar.tsx(92,3): error TS2339: Property 'className' does not exist on type '{ inset?: boolean | undefined; variant?: "default" | "destructive" | undefined; }'.
components/ui/menubar.tsx(96,25): error TS2344: Type 'ForwardRefExoticComponent<MenubarItemProps & RefAttributes<HTMLDivElement>>' does not satisfy the constraint 'JSXElementConstructor<any> | keyof IntrinsicElements'.
  Type 'ForwardRefExoticComponent<MenubarItemProps & RefAttributes<HTMLDivElement>>' is not assignable to type '(props: any, deprecatedLegacyContext?: any) => ReactNode'.
    Type 'import("E:/my sites/arabic-service-website/node_modules/.pnpm/@types+react@19.2.7/node_modules/@types/react/index").ReactNode' is not assignable to type 'React.ReactNode'.
      Type 'ReactElement<unknown, string | JSXElementConstructor<any>>' is not assignable to type 'ReactNode'.
        Property 'children' is missing in type 'ReactElement<unknown, string | JSXElementConstructor<any>>' but required in type 'ReactPortal'.
components/ui/menubar.tsx(101,6): error TS2786: 'MenubarPrimitive.Item' cannot be used as a JSX component.
  Its type 'ForwardRefExoticComponent<MenubarItemProps & RefAttributes<HTMLDivElement>>' is not a valid JSX element type.
    Type 'ForwardRefExoticComponent<MenubarItemProps & RefAttributes<HTMLDivElement>>' is not assignable to type '(props: any, deprecatedLegacyContext?: any) => ReactNode'.
      Type 'import("E:/my sites/arabic-service-website/node_modules/.pnpm/@types+react@19.2.7/node_modules/@types/react/index").ReactNode' is not assignable to type 'React.ReactNode'.
        Type 'ReactElement<unknown, string | JSXElementConstructor<any>>' is not assignable to type 'ReactNode'.
          Property 'children' is missing in type 'ReactElement<unknown, string | JSXElementConstructor<any>>' but required in type 'ReactPortal'.
components/ui/menubar.tsx(115,3): error TS2339: Property 'className' does not exist on type '{}'.
components/ui/menubar.tsx(116,3): error TS2339: Property 'children' does not exist on type '{}'.
components/ui/menubar.tsx(117,3): error TS2339: Property 'checked' does not exist on type '{}'.
components/ui/menubar.tsx(119,25): error TS2344: Type 'ForwardRefExoticComponent<MenubarCheckboxItemProps & RefAttributes<HTMLDivElement>>' does not satisfy the constraint 'JSXElementConstructor<any> | keyof IntrinsicElements'.
  Type 'ForwardRefExoticComponent<MenubarCheckboxItemProps & RefAttributes<HTMLDivElement>>' is not assignable to type '(props: any, deprecatedLegacyContext?: any) => ReactNode'.
    Type 'import("E:/my sites/arabic-service-website/node_modules/.pnpm/@types+react@19.2.7/node_modules/@types/react/index").ReactNode' is not assignable to type 'React.ReactNode'.
      Type 'ReactElement<unknown, string | JSXElementConstructor<any>>' is not assignable to type 'ReactNode'.
        Property 'children' is missing in type 'ReactElement<unknown, string | JSXElementConstructor<any>>' but required in type 'ReactPortal'.
components/ui/menubar.tsx(121,6): error TS2786: 'MenubarPrimitive.CheckboxItem' cannot be used as a JSX component.
  Its type 'ForwardRefExoticComponent<MenubarCheckboxItemProps & RefAttributes<HTMLDivElement>>' is not a valid JSX element type.
    Type 'ForwardRefExoticComponent<MenubarCheckboxItemProps & RefAttributes<HTMLDivElement>>' is not assignable to type '(props: any, deprecatedLegacyContext?: any) => ReactNode'.
      Type 'import("E:/my sites/arabic-service-website/node_modules/.pnpm/@types+react@19.2.7/node_modules/@types/react/index").ReactNode' is not assignable to type 'React.ReactNode'.
        Type 'ReactElement<unknown, string | JSXElementConstructor<any>>' is not assignable to type 'ReactNode'.
          Property 'children' is missing in type 'ReactElement<unknown, string | JSXElementConstructor<any>>' but required in type 'ReactPortal'.
components/ui/menubar.tsx(131,10): error TS2786: 'MenubarPrimitive.ItemIndicator' cannot be used as a JSX component.
  Its type 'ForwardRefExoticComponent<MenubarItemIndicatorProps & RefAttributes<HTMLSpanElement>>' is not a valid JSX element type.
    Type 'ForwardRefExoticComponent<MenubarItemIndicatorProps & RefAttributes<HTMLSpanElement>>' is not assignable to type '(props: any, deprecatedLegacyContext?: any) => ReactNode'.
      Type 'import("E:/my sites/arabic-service-website/node_modules/.pnpm/@types+react@19.2.7/node_modules/@types/react/index").ReactNode' is not assignable to type 'React.ReactNode'.
        Type 'ReactElement<unknown, string | JSXElementConstructor<any>>' is not assignable to type 'ReactNode'.
          Property 'children' is missing in type 'ReactElement<unknown, string | JSXElementConstructor<any>>' but required in type 'ReactPortal'.
components/ui/menubar.tsx(141,3): error TS2339: Property 'className' does not exist on type '{}'.
components/ui/menubar.tsx(142,3): error TS2339: Property 'children' does not exist on type '{}'.
components/ui/menubar.tsx(144,25): error TS2344: Type 'ForwardRefExoticComponent<MenubarRadioItemProps & RefAttributes<HTMLDivElement>>' does not satisfy the constraint 'JSXElementConstructor<any> | keyof IntrinsicElements'.
  Type 'ForwardRefExoticComponent<MenubarRadioItemProps & RefAttributes<HTMLDivElement>>' is not assignable to type '(props: any, deprecatedLegacyContext?: any) => ReactNode'.
    Type 'import("E:/my sites/arabic-service-website/node_modules/.pnpm/@types+react@19.2.7/node_modules/@types/react/index").ReactNode' is not assignable to type 'React.ReactNode'.
      Type 'ReactElement<unknown, string | JSXElementConstructor<any>>' is not assignable to type 'ReactNode'.
        Property 'children' is missing in type 'ReactElement<unknown, string | JSXElementConstructor<any>>' but required in type 'ReactPortal'.
components/ui/menubar.tsx(146,6): error TS2741: Property 'value' is missing in type '{ children: any[]; "data-slot": string; className: string; }' but required in type 'Omit<MenuRadioItemProps & RefAttributes<HTMLDivElement>, "ref">'.
components/ui/menubar.tsx(146,6): error TS2786: 'MenubarPrimitive.RadioItem' cannot be used as a JSX component.
  Its type 'ForwardRefExoticComponent<MenubarRadioItemProps & RefAttributes<HTMLDivElement>>' is not a valid JSX element type.
    Type 'ForwardRefExoticComponent<MenubarRadioItemProps & RefAttributes<HTMLDivElement>>' is not assignable to type '(props: any, deprecatedLegacyContext?: any) => ReactNode'.
      Type 'import("E:/my sites/arabic-service-website/node_modules/.pnpm/@types+react@19.2.7/node_modules/@types/react/index").ReactNode' is not assignable to type 'React.ReactNode'.
        Type 'ReactElement<unknown, string | JSXElementConstructor<any>>' is not assignable to type 'ReactNode'.
          Property 'children' is missing in type 'ReactElement<unknown, string | JSXElementConstructor<any>>' but required in type 'ReactPortal'.
components/ui/menubar.tsx(155,10): error TS2786: 'MenubarPrimitive.ItemIndicator' cannot be used as a JSX component.
  Its type 'ForwardRefExoticComponent<MenubarItemIndicatorProps & RefAttributes<HTMLSpanElement>>' is not a valid JSX element type.
    Type 'ForwardRefExoticComponent<MenubarItemIndicatorProps & RefAttributes<HTMLSpanElement>>' is not assignable to type '(props: any, deprecatedLegacyContext?: any) => ReactNode'.
      Type 'import("E:/my sites/arabic-service-website/node_modules/.pnpm/@types+react@19.2.7/node_modules/@types/react/index").ReactNode' is not assignable to type 'React.ReactNode'.
        Type 'ReactElement<unknown, string | JSXElementConstructor<any>>' is not assignable to type 'ReactNode'.
          Property 'children' is missing in type 'ReactElement<unknown, string | JSXElementConstructor<any>>' but required in type 'ReactPortal'.
components/ui/menubar.tsx(165,3): error TS2339: Property 'className' does not exist on type '{ inset?: boolean | undefined; }'.
components/ui/menubar.tsx(168,25): error TS2344: Type 'ForwardRefExoticComponent<MenubarLabelProps & RefAttributes<HTMLDivElement>>' does not satisfy the constraint 'JSXElementConstructor<any> | keyof IntrinsicElements'.
  Type 'ForwardRefExoticComponent<MenubarLabelProps & RefAttributes<HTMLDivElement>>' is not assignable to type '(props: any, deprecatedLegacyContext?: any) => ReactNode'.
    Type 'import("E:/my sites/arabic-service-website/node_modules/.pnpm/@types+react@19.2.7/node_modules/@types/react/index").ReactNode' is not assignable to type 'React.ReactNode'.
      Type 'ReactElement<unknown, string | JSXElementConstructor<any>>' is not assignable to type 'ReactNode'.
        Property 'children' is missing in type 'ReactElement<unknown, string | JSXElementConstructor<any>>' but required in type 'ReactPortal'.
components/ui/menubar.tsx(172,6): error TS2786: 'MenubarPrimitive.Label' cannot be used as a JSX component.
  Its type 'ForwardRefExoticComponent<MenubarLabelProps & RefAttributes<HTMLDivElement>>' is not a valid JSX element type.
    Type 'ForwardRefExoticComponent<MenubarLabelProps & RefAttributes<HTMLDivElement>>' is not assignable to type '(props: any, deprecatedLegacyContext?: any) => ReactNode'.
      Type 'import("E:/my sites/arabic-service-website/node_modules/.pnpm/@types+react@19.2.7/node_modules/@types/react/index").ReactNode' is not assignable to type 'React.ReactNode'.
        Type 'ReactElement<unknown, string | JSXElementConstructor<any>>' is not assignable to type 'ReactNode'.
          Property 'children' is missing in type 'ReactElement<unknown, string | JSXElementConstructor<any>>' but required in type 'ReactPortal'.
components/ui/menubar.tsx(185,3): error TS2339: Property 'className' does not exist on type '{}'.
components/ui/menubar.tsx(187,25): error TS2344: Type 'ForwardRefExoticComponent<MenubarSeparatorProps & RefAttributes<HTMLDivElement>>' does not satisfy the constraint 'JSXElementConstructor<any> | keyof IntrinsicElements'.
  Type 'ForwardRefExoticComponent<MenubarSeparatorProps & RefAttributes<HTMLDivElement>>' is not assignable to type '(props: any, deprecatedLegacyContext?: any) => ReactNode'.
    Type 'import("E:/my sites/arabic-service-website/node_modules/.pnpm/@types+react@19.2.7/node_modules/@types/react/index").ReactNode' is not assignable to type 'React.ReactNode'.
      Type 'ReactElement<unknown, string | JSXElementConstructor<any>>' is not assignable to type 'ReactNode'.
        Property 'children' is missing in type 'ReactElement<unknown, string | JSXElementConstructor<any>>' but required in type 'ReactPortal'.
components/ui/menubar.tsx(189,6): error TS2786: 'MenubarPrimitive.Separator' cannot be used as a JSX component.
  Its type 'ForwardRefExoticComponent<MenubarSeparatorProps & RefAttributes<HTMLDivElement>>' is not a valid JSX element type.
    Type 'ForwardRefExoticComponent<MenubarSeparatorProps & RefAttributes<HTMLDivElement>>' is not assignable to type '(props: any, deprecatedLegacyContext?: any) => ReactNode'.
      Type 'import("E:/my sites/arabic-service-website/node_modules/.pnpm/@types+react@19.2.7/node_modules/@types/react/index").ReactNode' is not assignable to type 'React.ReactNode'.
        Type 'ReactElement<unknown, string | JSXElementConstructor<any>>' is not assignable to type 'ReactNode'.
          Property 'children' is missing in type 'ReactElement<unknown, string | JSXElementConstructor<any>>' but required in type 'ReactPortal'.
components/ui/menubar.tsx(215,25): error TS2344: Type 'FC<MenubarSubProps>' does not satisfy the constraint 'JSXElementConstructor<any> | keyof IntrinsicElements'.
  Type 'FunctionComponent<MenubarSubProps>' is not assignable to type '(props: any, deprecatedLegacyContext?: any) => ReactNode'.
    Type 'ReactNode | Promise<ReactNode>' is not assignable to type 'ReactNode'.
      Type 'ReactElement<unknown, string | JSXElementConstructor<any>>' is not assignable to type 'ReactNode'.
        Property 'children' is missing in type 'ReactElement<unknown, string | JSXElementConstructor<any>>' but required in type 'ReactPortal'.
components/ui/menubar.tsx(216,11): error TS2786: 'MenubarPrimitive.Sub' cannot be used as a JSX component.
  Its type 'FC<MenubarSubProps>' is not a valid JSX element type.
    Type 'FunctionComponent<MenubarSubProps>' is not assignable to type '(props: any, deprecatedLegacyContext?: any) => ReactNode'.
      Type 'ReactNode | Promise<ReactNode>' is not assignable to type 'ReactNode'.
        Type 'ReactElement<unknown, string | JSXElementConstructor<any>>' is not assignable to type 'ReactNode'.
          Property 'children' is missing in type 'ReactElement<unknown, string | JSXElementConstructor<any>>' but required in type 'ReactPortal'.
components/ui/menubar.tsx(220,3): error TS2339: Property 'className' does not exist on type '{ inset?: boolean | undefined; }'.
components/ui/menubar.tsx(222,3): error TS2339: Property 'children' does not exist on type '{ inset?: boolean | undefined; }'.
components/ui/menubar.tsx(224,25): error TS2344: Type 'ForwardRefExoticComponent<MenubarSubTriggerProps & RefAttributes<HTMLDivElement>>' does not satisfy the constraint 'JSXElementConstructor<any> | keyof IntrinsicElements'.
  Type 'ForwardRefExoticComponent<MenubarSubTriggerProps & RefAttributes<HTMLDivElement>>' is not assignable to type '(props: any, deprecatedLegacyContext?: any) => ReactNode'.
    Type 'import("E:/my sites/arabic-service-website/node_modules/.pnpm/@types+react@19.2.7/node_modules/@types/react/index").ReactNode' is not assignable to type 'React.ReactNode'.
      Type 'ReactElement<unknown, string | JSXElementConstructor<any>>' is not assignable to type 'ReactNode'.
        Property 'children' is missing in type 'ReactElement<unknown, string | JSXElementConstructor<any>>' but required in type 'ReactPortal'.
components/ui/menubar.tsx(228,6): error TS2786: 'MenubarPrimitive.SubTrigger' cannot be used as a JSX component.
  Its type 'ForwardRefExoticComponent<MenubarSubTriggerProps & RefAttributes<HTMLDivElement>>' is not a valid JSX element type.
    Type 'ForwardRefExoticComponent<MenubarSubTriggerProps & RefAttributes<HTMLDivElement>>' is not assignable to type '(props: any, deprecatedLegacyContext?: any) => ReactNode'.
      Type 'import("E:/my sites/arabic-service-website/node_modules/.pnpm/@types+react@19.2.7/node_modules/@types/react/index").ReactNode' is not assignable to type 'React.ReactNode'.
        Type 'ReactElement<unknown, string | JSXElementConstructor<any>>' is not assignable to type 'ReactNode'.
          Property 'children' is missing in type 'ReactElement<unknown, string | JSXElementConstructor<any>>' but required in type 'ReactPortal'.
components/ui/menubar.tsx(244,3): error TS2339: Property 'className' does not exist on type '{}'.
components/ui/menubar.tsx(246,25): error TS2344: Type 'ForwardRefExoticComponent<MenubarSubContentProps & RefAttributes<HTMLDivElement>>' does not satisfy the constraint 'JSXElementConstructor<any> | keyof IntrinsicElements'.
  Type 'ForwardRefExoticComponent<MenubarSubContentProps & RefAttributes<HTMLDivElement>>' is not assignable to type '(props: any, deprecatedLegacyContext?: any) => ReactNode'.
    Type 'import("E:/my sites/arabic-service-website/node_modules/.pnpm/@types+react@19.2.7/node_modules/@types/react/index").ReactNode' is not assignable to type 'React.ReactNode'.
      Type 'ReactElement<unknown, string | JSXElementConstructor<any>>' is not assignable to type 'ReactNode'.
        Property 'children' is missing in type 'ReactElement<unknown, string | JSXElementConstructor<any>>' but required in type 'ReactPortal'.
components/ui/menubar.tsx(248,6): error TS2786: 'MenubarPrimitive.SubContent' cannot be used as a JSX component.
  Its type 'ForwardRefExoticComponent<MenubarSubContentProps & RefAttributes<HTMLDivElement>>' is not a valid JSX element type.
    Type 'ForwardRefExoticComponent<MenubarSubContentProps & RefAttributes<HTMLDivElement>>' is not assignable to type '(props: any, deprecatedLegacyContext?: any) => ReactNode'.
      Type 'import("E:/my sites/arabic-service-website/node_modules/.pnpm/@types+react@19.2.7/node_modules/@types/react/index").ReactNode' is not assignable to type 'React.ReactNode'.
        Type 'ReactElement<unknown, string | JSXElementConstructor<any>>' is not assignable to type 'ReactNode'.
          Property 'children' is missing in type 'ReactElement<unknown, string | JSXElementConstructor<any>>' but required in type 'ReactPortal'.
components/ui/navigation-menu.tsx(9,3): error TS2339: Property 'className' does not exist on type '{ viewport?: boolean | undefined; }'.
components/ui/navigation-menu.tsx(10,3): error TS2339: Property 'children' does not exist on type '{ viewport?: boolean | undefined; }'.
components/ui/navigation-menu.tsx(13,25): error TS2344: Type 'ForwardRefExoticComponent<NavigationMenuProps & RefAttributes<HTMLElement>>' does not satisfy the constraint 'JSXElementConstructor<any> | keyof IntrinsicElements'.
  Type 'ForwardRefExoticComponent<NavigationMenuProps & RefAttributes<HTMLElement>>' is not assignable to type '(props: any, deprecatedLegacyContext?: any) => ReactNode'.
    Type 'import("E:/my sites/arabic-service-website/node_modules/.pnpm/@types+react@19.2.7/node_modules/@types/react/index").ReactNode' is not assignable to type 'React.ReactNode'.
      Type 'ReactElement<unknown, string | JSXElementConstructor<any>>' is not assignable to type 'ReactNode'.
        Property 'children' is missing in type 'ReactElement<unknown, string | JSXElementConstructor<any>>' but required in type 'ReactPortal'.
components/ui/navigation-menu.tsx(17,6): error TS2786: 'NavigationMenuPrimitive.Root' cannot be used as a JSX component.
  Its type 'ForwardRefExoticComponent<NavigationMenuProps & RefAttributes<HTMLElement>>' is not a valid JSX element type.
    Type 'ForwardRefExoticComponent<NavigationMenuProps & RefAttributes<HTMLElement>>' is not assignable to type '(props: any, deprecatedLegacyContext?: any) => ReactNode'.
      Type 'import("E:/my sites/arabic-service-website/node_modules/.pnpm/@types+react@19.2.7/node_modules/@types/react/index").ReactNode' is not assignable to type 'React.ReactNode'.
        Type 'ReactElement<unknown, string | JSXElementConstructor<any>>' is not assignable to type 'ReactNode'.
          Property 'children' is missing in type 'ReactElement<unknown, string | JSXElementConstructor<any>>' but required in type 'ReactPortal'.
components/ui/navigation-menu.tsx(33,3): error TS2339: Property 'className' does not exist on type '{}'.
components/ui/navigation-menu.tsx(35,25): error TS2344: Type 'ForwardRefExoticComponent<NavigationMenuListProps & RefAttributes<HTMLUListElement>>' does not satisfy the constraint 'JSXElementConstructor<any> | keyof IntrinsicElements'.
  Type 'ForwardRefExoticComponent<NavigationMenuListProps & RefAttributes<HTMLUListElement>>' is not assignable to type '(props: any, deprecatedLegacyContext?: any) => ReactNode'.
    Type 'import("E:/my sites/arabic-service-website/node_modules/.pnpm/@types+react@19.2.7/node_modules/@types/react/index").ReactNode' is not assignable to type 'React.ReactNode'.
      Type 'ReactElement<unknown, string | JSXElementConstructor<any>>' is not assignable to type 'ReactNode'.
        Property 'children' is missing in type 'ReactElement<unknown, string | JSXElementConstructor<any>>' but required in type 'ReactPortal'.
components/ui/navigation-menu.tsx(37,6): error TS2786: 'NavigationMenuPrimitive.List' cannot be used as a JSX component.
  Its type 'ForwardRefExoticComponent<NavigationMenuListProps & RefAttributes<HTMLUListElement>>' is not a valid JSX element type.
    Type 'ForwardRefExoticComponent<NavigationMenuListProps & RefAttributes<HTMLUListElement>>' is not assignable to type '(props: any, deprecatedLegacyContext?: any) => ReactNode'.
      Type 'import("E:/my sites/arabic-service-website/node_modules/.pnpm/@types+react@19.2.7/node_modules/@types/react/index").ReactNode' is not assignable to type 'React.ReactNode'.
        Type 'ReactElement<unknown, string | JSXElementConstructor<any>>' is not assignable to type 'ReactNode'.
          Property 'children' is missing in type 'ReactElement<unknown, string | JSXElementConstructor<any>>' but required in type 'ReactPortal'.
components/ui/navigation-menu.tsx(49,3): error TS2339: Property 'className' does not exist on type '{}'.
components/ui/navigation-menu.tsx(51,25): error TS2344: Type 'ForwardRefExoticComponent<NavigationMenuItemProps & RefAttributes<HTMLLIElement>>' does not satisfy the constraint 'JSXElementConstructor<any> | keyof IntrinsicElements'.
  Type 'ForwardRefExoticComponent<NavigationMenuItemProps & RefAttributes<HTMLLIElement>>' is not assignable to type '(props: any, deprecatedLegacyContext?: any) => ReactNode'.
    Type 'import("E:/my sites/arabic-service-website/node_modules/.pnpm/@types+react@19.2.7/node_modules/@types/react/index").ReactNode' is not assignable to type 'React.ReactNode'.
      Type 'ReactElement<unknown, string | JSXElementConstructor<any>>' is not assignable to type 'ReactNode'.
        Property 'children' is missing in type 'ReactElement<unknown, string | JSXElementConstructor<any>>' but required in type 'ReactPortal'.
components/ui/navigation-menu.tsx(53,6): error TS2786: 'NavigationMenuPrimitive.Item' cannot be used as a JSX component.
  Its type 'ForwardRefExoticComponent<NavigationMenuItemProps & RefAttributes<HTMLLIElement>>' is not a valid JSX element type.
    Type 'ForwardRefExoticComponent<NavigationMenuItemProps & RefAttributes<HTMLLIElement>>' is not assignable to type '(props: any, deprecatedLegacyContext?: any) => ReactNode'.
      Type 'import("E:/my sites/arabic-service-website/node_modules/.pnpm/@types+react@19.2.7/node_modules/@types/react/index").ReactNode' is not assignable to type 'React.ReactNode'.
        Type 'ReactElement<unknown, string | JSXElementConstructor<any>>' is not assignable to type 'ReactNode'.
          Property 'children' is missing in type 'ReactElement<unknown, string | JSXElementConstructor<any>>' but required in type 'ReactPortal'.
components/ui/navigation-menu.tsx(66,3): error TS2339: Property 'className' does not exist on type '{}'.
components/ui/navigation-menu.tsx(67,3): error TS2339: Property 'children' does not exist on type '{}'.
components/ui/navigation-menu.tsx(69,25): error TS2344: Type 'ForwardRefExoticComponent<NavigationMenuTriggerProps & RefAttributes<HTMLButtonElement>>' does not satisfy the constraint 'JSXElementConstructor<any> | keyof IntrinsicElements'.
  Type 'ForwardRefExoticComponent<NavigationMenuTriggerProps & RefAttributes<HTMLButtonElement>>' is not assignable to type '(props: any, deprecatedLegacyContext?: any) => ReactNode'.
    Type 'import("E:/my sites/arabic-service-website/node_modules/.pnpm/@types+react@19.2.7/node_modules/@types/react/index").ReactNode' is not assignable to type 'React.ReactNode'.
      Type 'ReactElement<unknown, string | JSXElementConstructor<any>>' is not assignable to type 'ReactNode'.
        Property 'children' is missing in type 'ReactElement<unknown, string | JSXElementConstructor<any>>' but required in type 'ReactPortal'.
components/ui/navigation-menu.tsx(71,6): error TS2786: 'NavigationMenuPrimitive.Trigger' cannot be used as a JSX component.
  Its type 'ForwardRefExoticComponent<NavigationMenuTriggerProps & RefAttributes<HTMLButtonElement>>' is not a valid JSX element type.
    Type 'ForwardRefExoticComponent<NavigationMenuTriggerProps & RefAttributes<HTMLButtonElement>>' is not assignable to type '(props: any, deprecatedLegacyContext?: any) => ReactNode'.
      Type 'import("E:/my sites/arabic-service-website/node_modules/.pnpm/@types+react@19.2.7/node_modules/@types/react/index").ReactNode' is not assignable to type 'React.ReactNode'.
        Type 'ReactElement<unknown, string | JSXElementConstructor<any>>' is not assignable to type 'ReactNode'.
          Property 'children' is missing in type 'ReactElement<unknown, string | JSXElementConstructor<any>>' but required in type 'ReactPortal'.
components/ui/navigation-menu.tsx(86,3): error TS2339: Property 'className' does not exist on type '{}'.
components/ui/navigation-menu.tsx(88,25): error TS2344: Type 'ForwardRefExoticComponent<NavigationMenuContentProps & RefAttributes<HTMLDivElement>>' does not satisfy the constraint 'JSXElementConstructor<any> | keyof IntrinsicElements'.
  Type 'ForwardRefExoticComponent<NavigationMenuContentProps & RefAttributes<HTMLDivElement>>' is not assignable to type '(props: any, deprecatedLegacyContext?: any) => ReactNode'.
    Type 'import("E:/my sites/arabic-service-website/node_modules/.pnpm/@types+react@19.2.7/node_modules/@types/react/index").ReactNode' is not assignable to type 'React.ReactNode'.
      Type 'ReactElement<unknown, string | JSXElementConstructor<any>>' is not assignable to type 'ReactNode'.
        Property 'children' is missing in type 'ReactElement<unknown, string | JSXElementConstructor<any>>' but required in type 'ReactPortal'.
components/ui/navigation-menu.tsx(90,6): error TS2786: 'NavigationMenuPrimitive.Content' cannot be used as a JSX component.
  Its type 'ForwardRefExoticComponent<NavigationMenuContentProps & RefAttributes<HTMLDivElement>>' is not a valid JSX element type.
    Type 'ForwardRefExoticComponent<NavigationMenuContentProps & RefAttributes<HTMLDivElement>>' is not assignable to type '(props: any, deprecatedLegacyContext?: any) => ReactNode'.
      Type 'import("E:/my sites/arabic-service-website/node_modules/.pnpm/@types+react@19.2.7/node_modules/@types/react/index").ReactNode' is not assignable to type 'React.ReactNode'.
        Type 'ReactElement<unknown, string | JSXElementConstructor<any>>' is not assignable to type 'ReactNode'.
          Property 'children' is missing in type 'ReactElement<unknown, string | JSXElementConstructor<any>>' but required in type 'ReactPortal'.
components/ui/navigation-menu.tsx(103,3): error TS2339: Property 'className' does not exist on type '{}'.
components/ui/navigation-menu.tsx(105,25): error TS2344: Type 'ForwardRefExoticComponent<NavigationMenuViewportProps & RefAttributes<HTMLDivElement>>' does not satisfy the constraint 'JSXElementConstructor<any> | keyof IntrinsicElements'.
  Type 'ForwardRefExoticComponent<NavigationMenuViewportProps & RefAttributes<HTMLDivElement>>' is not assignable to type '(props: any, deprecatedLegacyContext?: any) => ReactNode'.
    Type 'import("E:/my sites/arabic-service-website/node_modules/.pnpm/@types+react@19.2.7/node_modules/@types/react/index").ReactNode' is not assignable to type 'React.ReactNode'.
      Type 'ReactElement<unknown, string | JSXElementConstructor<any>>' is not assignable to type 'ReactNode'.
        Property 'children' is missing in type 'ReactElement<unknown, string | JSXElementConstructor<any>>' but required in type 'ReactPortal'.
components/ui/navigation-menu.tsx(110,8): error TS2786: 'NavigationMenuPrimitive.Viewport' cannot be used as a JSX component.
  Its type 'ForwardRefExoticComponent<NavigationMenuViewportProps & RefAttributes<HTMLDivElement>>' is not a valid JSX element type.
    Type 'ForwardRefExoticComponent<NavigationMenuViewportProps & RefAttributes<HTMLDivElement>>' is not assignable to type '(props: any, deprecatedLegacyContext?: any) => ReactNode'.
      Type 'import("E:/my sites/arabic-service-website/node_modules/.pnpm/@types+react@19.2.7/node_modules/@types/react/index").ReactNode' is not assignable to type 'React.ReactNode'.
        Type 'ReactElement<unknown, string | JSXElementConstructor<any>>' is not assignable to type 'ReactNode'.
          Property 'children' is missing in type 'ReactElement<unknown, string | JSXElementConstructor<any>>' but required in type 'ReactPortal'.
components/ui/navigation-menu.tsx(123,3): error TS2339: Property 'className' does not exist on type '{}'.
components/ui/navigation-menu.tsx(125,25): error TS2344: Type 'ForwardRefExoticComponent<NavigationMenuLinkProps & RefAttributes<HTMLAnchorElement>>' does not satisfy the constraint 'JSXElementConstructor<any> | keyof IntrinsicElements'.
  Type 'ForwardRefExoticComponent<NavigationMenuLinkProps & RefAttributes<HTMLAnchorElement>>' is not assignable to type '(props: any, deprecatedLegacyContext?: any) => ReactNode'.
    Type 'import("E:/my sites/arabic-service-website/node_modules/.pnpm/@types+react@19.2.7/node_modules/@types/react/index").ReactNode' is not assignable to type 'React.ReactNode'.
      Type 'ReactElement<unknown, string | JSXElementConstructor<any>>' is not assignable to type 'ReactNode'.
        Property 'children' is missing in type 'ReactElement<unknown, string | JSXElementConstructor<any>>' but required in type 'ReactPortal'.
components/ui/navigation-menu.tsx(127,6): error TS2786: 'NavigationMenuPrimitive.Link' cannot be used as a JSX component.
  Its type 'ForwardRefExoticComponent<NavigationMenuLinkProps & RefAttributes<HTMLAnchorElement>>' is not a valid JSX element type.
    Type 'ForwardRefExoticComponent<NavigationMenuLinkProps & RefAttributes<HTMLAnchorElement>>' is not assignable to type '(props: any, deprecatedLegacyContext?: any) => ReactNode'.
      Type 'import("E:/my sites/arabic-service-website/node_modules/.pnpm/@types+react@19.2.7/node_modules/@types/react/index").ReactNode' is not assignable to type 'React.ReactNode'.
        Type 'ReactElement<unknown, string | JSXElementConstructor<any>>' is not assignable to type 'ReactNode'.
          Property 'children' is missing in type 'ReactElement<unknown, string | JSXElementConstructor<any>>' but required in type 'ReactPortal'.
components/ui/navigation-menu.tsx(139,3): error TS2339: Property 'className' does not exist on type '{}'.
components/ui/navigation-menu.tsx(141,25): error TS2344: Type 'ForwardRefExoticComponent<NavigationMenuIndicatorProps & RefAttributes<HTMLDivElement>>' does not satisfy the constraint 'JSXElementConstructor<any> | keyof IntrinsicElements'.
  Type 'ForwardRefExoticComponent<NavigationMenuIndicatorProps & RefAttributes<HTMLDivElement>>' is not assignable to type '(props: any, deprecatedLegacyContext?: any) => ReactNode'.
    Type 'import("E:/my sites/arabic-service-website/node_modules/.pnpm/@types+react@19.2.7/node_modules/@types/react/index").ReactNode' is not assignable to type 'React.ReactNode'.
      Type 'ReactElement<unknown, string | JSXElementConstructor<any>>' is not assignable to type 'ReactNode'.
        Property 'children' is missing in type 'ReactElement<unknown, string | JSXElementConstructor<any>>' but required in type 'ReactPortal'.
components/ui/navigation-menu.tsx(143,6): error TS2786: 'NavigationMenuPrimitive.Indicator' cannot be used as a JSX component.
  Its type 'ForwardRefExoticComponent<NavigationMenuIndicatorProps & RefAttributes<HTMLDivElement>>' is not a valid JSX element type.
    Type 'ForwardRefExoticComponent<NavigationMenuIndicatorProps & RefAttributes<HTMLDivElement>>' is not assignable to type '(props: any, deprecatedLegacyContext?: any) => ReactNode'.
      Type 'import("E:/my sites/arabic-service-website/node_modules/.pnpm/@types+react@19.2.7/node_modules/@types/react/index").ReactNode' is not assignable to type 'React.ReactNode'.
        Type 'ReactElement<unknown, string | JSXElementConstructor<any>>' is not assignable to type 'ReactNode'.
          Property 'children' is missing in type 'ReactElement<unknown, string | JSXElementConstructor<any>>' but required in type 'ReactPortal'.
components/ui/resizable.tsx(10,3): error TS2339: Property 'className' does not exist on type '{}'.
components/ui/resizable.tsx(12,25): error TS2344: Type 'ForwardRefExoticComponent<Omit<HTMLAttributes<keyof HTMLElementTagNameMap>, "id"> & { autoSaveId?: string | null | undefined; className?: string | undefined; ... 7 more ...; dir?: "auto" | ... 2 more ... | undefined; } & { ...; } & RefAttributes<...>>' does not satisfy the constraint 'JSXElementConstructor<any> | keyof IntrinsicElements'.
  Type 'ForwardRefExoticComponent<Omit<HTMLAttributes<keyof HTMLElementTagNameMap>, "id"> & { autoSaveId?: string | null | undefined; className?: string | undefined; ... 7 more ...; dir?: "auto" | ... 2 more ... | undefined; } & { ...; } & RefAttributes<...>>' is not assignable to type '(props: any, deprecatedLegacyContext?: any) => ReactNode'.
    Type 'import("E:/my sites/arabic-service-website/node_modules/.pnpm/@types+react@19.2.7/node_modules/@types/react/index").ReactNode' is not assignable to type 'React.ReactNode'.
      Type 'ReactElement<unknown, string | JSXElementConstructor<any>>' is not assignable to type 'ReactNode'.
        Property 'children' is missing in type 'ReactElement<unknown, string | JSXElementConstructor<any>>' but required in type 'ReactPortal'.
components/ui/resizable.tsx(14,6): error TS2741: Property 'direction' is missing in type '{ "data-slot": string; className: string; }' but required in type '{ autoSaveId?: string | null | undefined; className?: string | undefined; direction: Direction; id?: string | null | undefined; keyboardResizeBy?: number | null | undefined; ... 4 more ...; dir?: "auto" | ... 2 more ... | undefined; }'.
components/ui/resizable.tsx(14,6): error TS2786: 'ResizablePrimitive.PanelGroup' cannot be used as a JSX component.
  Its type 'ForwardRefExoticComponent<Omit<HTMLAttributes<keyof HTMLElementTagNameMap>, "id"> & { autoSaveId?: string | null | undefined; className?: string | undefined; ... 7 more ...; dir?: "auto" | ... 2 more ... | undefined; } & { ...; } & RefAttributes<...>>' is not a valid JSX element type.
    Type 'ForwardRefExoticComponent<Omit<HTMLAttributes<keyof HTMLElementTagNameMap>, "id"> & { autoSaveId?: string | null | undefined; className?: string | undefined; ... 7 more ...; dir?: "auto" | ... 2 more ... | undefined; } & { ...; } & RefAttributes<...>>' is not assignable to type '(props: any, deprecatedLegacyContext?: any) => ReactNode'.
      Type 'import("E:/my sites/arabic-service-website/node_modules/.pnpm/@types+react@19.2.7/node_modules/@types/react/index").ReactNode' is not assignable to type 'React.ReactNode'.
        Type 'ReactElement<unknown, string | JSXElementConstructor<any>>' is not assignable to type 'ReactNode'.
          Property 'children' is missing in type 'ReactElement<unknown, string | JSXElementConstructor<any>>' but required in type 'ReactPortal'.
components/ui/resizable.tsx(27,25): error TS2344: Type 'ForwardRefExoticComponent<Omit<HTMLAttributes<HTMLElement | HTMLDivElement | HTMLScriptElement | HTMLIFrameElement | HTMLSpanElement | ... 57 more ... | HTMLVideoElement>, "id" | "onResize"> & { ...; } & { ...; } & RefAttributes<...>>' does not satisfy the constraint 'JSXElementConstructor<any> | keyof IntrinsicElements'.
  Type 'ForwardRefExoticComponent<Omit<HTMLAttributes<HTMLElement | HTMLDivElement | HTMLScriptElement | HTMLIFrameElement | HTMLSpanElement | ... 57 more ... | HTMLVideoElement>, "id" | "onResize"> & { ...; } & { ...; } & RefAttributes<...>>' is not assignable to type '(props: any, deprecatedLegacyContext?: any) => ReactNode'.
    Type 'import("E:/my sites/arabic-service-website/node_modules/.pnpm/@types+react@19.2.7/node_modules/@types/react/index").ReactNode' is not assignable to type 'React.ReactNode'.
      Type 'ReactElement<unknown, string | JSXElementConstructor<any>>' is not assignable to type 'ReactNode'.
        Property 'children' is missing in type 'ReactElement<unknown, string | JSXElementConstructor<any>>' but required in type 'ReactPortal'.
components/ui/resizable.tsx(28,11): error TS2786: 'ResizablePrimitive.Panel' cannot be used as a JSX component.
  Its type 'ForwardRefExoticComponent<Omit<HTMLAttributes<HTMLElement | HTMLDivElement | HTMLScriptElement | HTMLIFrameElement | HTMLSpanElement | ... 57 more ... | HTMLVideoElement>, "id" | "onResize"> & { ...; } & { ...; } & RefAttributes<...>>' is not a valid JSX element type.
    Type 'ForwardRefExoticComponent<Omit<HTMLAttributes<HTMLElement | HTMLDivElement | HTMLScriptElement | HTMLIFrameElement | HTMLSpanElement | ... 57 more ... | HTMLVideoElement>, "id" | "onResize"> & { ...; } & { ...; } & RefAttributes<...>>' is not assignable to type '(props: any, deprecatedLegacyContext?: any) => ReactNode'.
      Type 'import("E:/my sites/arabic-service-website/node_modules/.pnpm/@types+react@19.2.7/node_modules/@types/react/index").ReactNode' is not assignable to type 'React.ReactNode'.
        Type 'ReactElement<unknown, string | JSXElementConstructor<any>>' is not assignable to type 'ReactNode'.
          Property 'children' is missing in type 'ReactElement<unknown, string | JSXElementConstructor<any>>' but required in type 'ReactPortal'.
components/ui/resizable.tsx(33,3): error TS2339: Property 'className' does not exist on type '{ withHandle?: boolean | undefined; }'.
components/ui/resizable.tsx(35,25): error TS2344: Type 'typeof PanelResizeHandle' does not satisfy the constraint 'JSXElementConstructor<any> | keyof IntrinsicElements'.
  Type 'typeof PanelResizeHandle' is not assignable to type '(props: any, deprecatedLegacyContext?: any) => ReactNode'.
    Type 'ReactElement<unknown, string | JSXElementConstructor<any>>' is not assignable to type 'ReactNode'.
      Property 'children' is missing in type 'ReactElement<unknown, string | JSXElementConstructor<any>>' but required in type 'ReactPortal'.
components/ui/resizable.tsx(39,6): error TS2786: 'ResizablePrimitive.PanelResizeHandle' cannot be used as a JSX component.
  Its type 'typeof PanelResizeHandle' is not a valid JSX element type.
    Type 'typeof PanelResizeHandle' is not assignable to type '(props: any, deprecatedLegacyContext?: any) => ReactNode'.
      Type 'ReactElement<unknown, string | JSXElementConstructor<any>>' is not assignable to type 'ReactNode'.
        Property 'children' is missing in type 'ReactElement<unknown, string | JSXElementConstructor<any>>' but required in type 'ReactPortal'.
components/ui/sidebar.tsx(8,29): error TS2307: Cannot find module '@/hooks/use-mobile' or its corresponding type declarations.
